Archive member included because of file (symbol)

c:/siliconlabs/simplicitystudio/v3_3/developer/toolchains/gnu_arm/4.8_2013q4/bin/../lib/gcc/arm-none-eabi/4.8.3/armv7e-m/softfp\libgcc.a(_aeabi_uldivmod.o)
                              ./emlib/em_usart.o (__aeabi_uldivmod)
c:/siliconlabs/simplicitystudio/v3_3/developer/toolchains/gnu_arm/4.8_2013q4/bin/../lib/gcc/arm-none-eabi/4.8.3/armv7e-m/softfp\libgcc.a(bpabi.o)
                              c:/siliconlabs/simplicitystudio/v3_3/developer/toolchains/gnu_arm/4.8_2013q4/bin/../lib/gcc/arm-none-eabi/4.8.3/armv7e-m/softfp\libgcc.a(_aeabi_uldivmod.o) (__gnu_uldivmod_helper)
c:/siliconlabs/simplicitystudio/v3_3/developer/toolchains/gnu_arm/4.8_2013q4/bin/../lib/gcc/arm-none-eabi/4.8.3/armv7e-m/softfp\libgcc.a(_dvmd_tls.o)
                              c:/siliconlabs/simplicitystudio/v3_3/developer/toolchains/gnu_arm/4.8_2013q4/bin/../lib/gcc/arm-none-eabi/4.8.3/armv7e-m/softfp\libgcc.a(_aeabi_uldivmod.o) (__aeabi_ldiv0)
c:/siliconlabs/simplicitystudio/v3_3/developer/toolchains/gnu_arm/4.8_2013q4/bin/../lib/gcc/arm-none-eabi/4.8.3/armv7e-m/softfp\libgcc.a(_divdi3.o)
                              c:/siliconlabs/simplicitystudio/v3_3/developer/toolchains/gnu_arm/4.8_2013q4/bin/../lib/gcc/arm-none-eabi/4.8.3/armv7e-m/softfp\libgcc.a(bpabi.o) (__divdi3)
c:/siliconlabs/simplicitystudio/v3_3/developer/toolchains/gnu_arm/4.8_2013q4/bin/../lib/gcc/arm-none-eabi/4.8.3/armv7e-m/softfp\libgcc.a(_udivdi3.o)
                              c:/siliconlabs/simplicitystudio/v3_3/developer/toolchains/gnu_arm/4.8_2013q4/bin/../lib/gcc/arm-none-eabi/4.8.3/armv7e-m/softfp\libgcc.a(bpabi.o) (__udivdi3)
c:/siliconlabs/simplicitystudio/v3_3/developer/toolchains/gnu_arm/4.8_2013q4/bin/../lib/gcc/arm-none-eabi/4.8.3/../../../../arm-none-eabi/lib/armv7e-m/softfp\libc_s.a(lib_a-exit.o)
                              c:/siliconlabs/simplicitystudio/v3_3/developer/toolchains/gnu_arm/4.8_2013q4/bin/../lib/gcc/arm-none-eabi/4.8.3/../../../../arm-none-eabi/lib/armv7e-m/softfp/crt0.o (exit)
c:/siliconlabs/simplicitystudio/v3_3/developer/toolchains/gnu_arm/4.8_2013q4/bin/../lib/gcc/arm-none-eabi/4.8.3/../../../../arm-none-eabi/lib/armv7e-m/softfp\libc_s.a(lib_a-fileno.o)
                              ./Drivers/retargetio.o (fileno)
c:/siliconlabs/simplicitystudio/v3_3/developer/toolchains/gnu_arm/4.8_2013q4/bin/../lib/gcc/arm-none-eabi/4.8.3/../../../../arm-none-eabi/lib/armv7e-m/softfp\libc_s.a(lib_a-findfp.o)
                              c:/siliconlabs/simplicitystudio/v3_3/developer/toolchains/gnu_arm/4.8_2013q4/bin/../lib/gcc/arm-none-eabi/4.8.3/../../../../arm-none-eabi/lib/armv7e-m/softfp\libc_s.a(lib_a-fileno.o) (__sinit)
c:/siliconlabs/simplicitystudio/v3_3/developer/toolchains/gnu_arm/4.8_2013q4/bin/../lib/gcc/arm-none-eabi/4.8.3/../../../../arm-none-eabi/lib/armv7e-m/softfp\libc_s.a(lib_a-fwalk.o)
                              c:/siliconlabs/simplicitystudio/v3_3/developer/toolchains/gnu_arm/4.8_2013q4/bin/../lib/gcc/arm-none-eabi/4.8.3/../../../../arm-none-eabi/lib/armv7e-m/softfp\libc_s.a(lib_a-findfp.o) (_fwalk)
c:/siliconlabs/simplicitystudio/v3_3/developer/toolchains/gnu_arm/4.8_2013q4/bin/../lib/gcc/arm-none-eabi/4.8.3/../../../../arm-none-eabi/lib/armv7e-m/softfp\libc_s.a(lib_a-impure.o)
                              c:/siliconlabs/simplicitystudio/v3_3/developer/toolchains/gnu_arm/4.8_2013q4/bin/../lib/gcc/arm-none-eabi/4.8.3/../../../../arm-none-eabi/lib/armv7e-m/softfp\libc_s.a(lib_a-exit.o) (_global_impure_ptr)
c:/siliconlabs/simplicitystudio/v3_3/developer/toolchains/gnu_arm/4.8_2013q4/bin/../lib/gcc/arm-none-eabi/4.8.3/../../../../arm-none-eabi/lib/armv7e-m/softfp\libc_s.a(lib_a-init.o)
                              c:/siliconlabs/simplicitystudio/v3_3/developer/toolchains/gnu_arm/4.8_2013q4/bin/../lib/gcc/arm-none-eabi/4.8.3/../../../../arm-none-eabi/lib/armv7e-m/softfp/crt0.o (__libc_init_array)
c:/siliconlabs/simplicitystudio/v3_3/developer/toolchains/gnu_arm/4.8_2013q4/bin/../lib/gcc/arm-none-eabi/4.8.3/../../../../arm-none-eabi/lib/armv7e-m/softfp\libc_s.a(lib_a-memset.o)
                              c:/siliconlabs/simplicitystudio/v3_3/developer/toolchains/gnu_arm/4.8_2013q4/bin/../lib/gcc/arm-none-eabi/4.8.3/../../../../arm-none-eabi/lib/armv7e-m/softfp/crt0.o (memset)
c:/siliconlabs/simplicitystudio/v3_3/developer/toolchains/gnu_arm/4.8_2013q4/bin/../lib/gcc/arm-none-eabi/4.8.3/../../../../arm-none-eabi/lib/armv7e-m/softfp\libc_s.a(lib_a-nano-mallocr.o)
                              c:/siliconlabs/simplicitystudio/v3_3/developer/toolchains/gnu_arm/4.8_2013q4/bin/../lib/gcc/arm-none-eabi/4.8.3/../../../../arm-none-eabi/lib/armv7e-m/softfp\libc_s.a(lib_a-findfp.o) (_malloc_r)
c:/siliconlabs/simplicitystudio/v3_3/developer/toolchains/gnu_arm/4.8_2013q4/bin/../lib/gcc/arm-none-eabi/4.8.3/../../../../arm-none-eabi/lib/armv7e-m/softfp\libc_s.a(lib_a-printf.o)
                              ./src/main.o (printf)
[...]
Memory Configuration

Name             Origin             Length             Attributes
FLASH            0x00000000         0x00040000         xr
RAM              0x20000000         0x00008000         xrw
*default*        0x00000000         0xffffffff

Linker script and memory map

LOAD c:/siliconlabs/simplicitystudio/v3_3/developer/toolchains/gnu_arm/4.8_2013q4/bin/../lib/gcc/arm-none-eabi/4.8.3/armv7e-m/softfp/crti.o
LOAD c:/siliconlabs/simplicitystudio/v3_3/developer/toolchains/gnu_arm/4.8_2013q4/bin/../lib/gcc/arm-none-eabi/4.8.3/armv7e-m/softfp/crtbegin.o
LOAD c:/siliconlabs/simplicitystudio/v3_3/developer/toolchains/gnu_arm/4.8_2013q4/bin/../lib/gcc/arm-none-eabi/4.8.3/../../../../arm-none-eabi/lib/armv7e-m/softfp/crt0.o
LOAD ./src/em_gpcrc.o
LOAD ./src/main.o
LOAD ./emlib/em_adc.o
LOAD ./emlib/em_assert.o
LOAD ./emlib/em_cmu.o
LOAD ./emlib/em_cryotimer.o
LOAD ./emlib/em_emu.o
LOAD ./emlib/em_gpio.o
LOAD ./emlib/em_int.o
LOAD ./emlib/em_ldma.o
LOAD ./emlib/em_prs.o
LOAD ./emlib/em_rtcc.o
LOAD ./emlib/em_system.o
LOAD ./emlib/em_usart.o
LOAD ./Drivers/retargetio.o
LOAD ./Drivers/retargetserial.o
LOAD ./CMSIS/efm32pg1b/startup_efm32pg1b.o
LOAD ./CMSIS/efm32pg1b/system_efm32pg1b.o
LOAD ./BSP/bsp_stk_leds.o
START GROUP
LOAD c:/siliconlabs/simplicitystudio/v3_3/developer/toolchains/gnu_arm/4.8_2013q4/bin/../lib/gcc/arm-none-eabi/4.8.3/armv7e-m/softfp\libgcc.a
LOAD c:/siliconlabs/simplicitystudio/v3_3/developer/toolchains/gnu_arm/4.8_2013q4/bin/../lib/gcc/arm-none-eabi/4.8.3/../../../../arm-none-eabi/lib/armv7e-m/softfp\libc_s.a
LOAD c:/siliconlabs/simplicitystudio/v3_3/developer/toolchains/gnu_arm/4.8_2013q4/bin/../lib/gcc/arm-none-eabi/4.8.3/../../../../arm-none-eabi/lib/armv7e-m/softfp\libnosys.a
END GROUP
START GROUP
LOAD c:/siliconlabs/simplicitystudio/v3_3/developer/toolchains/gnu_arm/4.8_2013q4/bin/../lib/gcc/arm-none-eabi/4.8.3/armv7e-m/softfp\libgcc.a
LOAD c:/siliconlabs/simplicitystudio/v3_3/developer/toolchains/gnu_arm/4.8_2013q4/bin/../lib/gcc/arm-none-eabi/4.8.3/../../../../arm-none-eabi/lib/armv7e-m/softfp\libg_s.a
LOAD c:/siliconlabs/simplicitystudio/v3_3/developer/toolchains/gnu_arm/4.8_2013q4/bin/../lib/gcc/arm-none-eabi/4.8.3/../../../../arm-none-eabi/lib/armv7e-m/softfp\libc_s.a
END GROUP
START GROUP
LOAD c:/siliconlabs/simplicitystudio/v3_3/developer/toolchains/gnu_arm/4.8_2013q4/bin/../lib/gcc/arm-none-eabi/4.8.3/armv7e-m/softfp\libgcc.a
LOAD c:/siliconlabs/simplicitystudio/v3_3/developer/toolchains/gnu_arm/4.8_2013q4/bin/../lib/gcc/arm-none-eabi/4.8.3/../../../../arm-none-eabi/lib/armv7e-m/softfp\libc_s.a
END GROUP
LOAD c:/siliconlabs/simplicitystudio/v3_3/developer/toolchains/gnu_arm/4.8_2013q4/bin/../lib/gcc/arm-none-eabi/4.8.3/armv7e-m/softfp/crtend.o
LOAD c:/siliconlabs/simplicitystudio/v3_3/developer/toolchains/gnu_arm/4.8_2013q4/bin/../lib/gcc/arm-none-eabi/4.8.3/armv7e-m/softfp/crtn.o

.text           0x00000000     0x6474
 *(.vectors)
 .vectors       0x00000000       0xc8 ./CMSIS/efm32pg1b/startup_efm32pg1b.o
                0x00000000                __Vectors
                0x000000c8                __Vectors_End = .
                0x000000c8                __Vectors_Size = (__Vectors_End - __Vectors)
                0x000000c8                __end__ = .
 *(.text*)
 .text          0x000000c8       0x54 c:/siliconlabs/simplicitystudio/v3_3/developer/toolchains/gnu_arm/4.8_2013q4/bin/../lib/gcc/arm-none-eabi/4.8.3/armv7e-m/softfp/crtbegin.o
 .text          0x0000011c       0x74 c:/siliconlabs/simplicitystudio/v3_3/developer/toolchains/gnu_arm/4.8_2013q4/bin/../lib/gcc/arm-none-eabi/4.8.3/../../../../arm-none-eabi/lib/armv7e-m/softfp/crt0.o
                0x0000011c                _start
                0x0000011c                _mainCRTStartup
 .text.NVIC_EnableIRQ
                0x00000190       0x30 ./src/main.o
 .text.NVIC_ClearPendingIRQ
                0x000001c0       0x34 ./src/main.o
 .text.CHIP_Init
                0x000001f4        0xc ./src/main.o
 .text.BUS_RegBitWrite
                0x00000200       0x2c ./src/main.o
 .text.BUS_RegBitRead
                0x0000022c       0x2c ./src/main.o
 .text.GPIO_PinInGet
                0x00000258       0x90 ./src/main.o
 .text.GPIO_PinOutClear
                0x000002e8       0x90 ./src/main.o
 .text.GPIO_PinOutToggle
                0x00000378       0x90 ./src/main.o
 .text.RTCC_DateSet
                0x00000408       0x1c ./src/main.o
 .text.RTCC_IntEnable
                0x00000424       0x24 ./src/main.o
 .text.RTCC_TimeSet
                0x00000448       0x1c ./src/main.o
 .text.CRYOTIMER_IntEnable
                0x00000464       0x28 ./src/main.o
 .text.gpioSetup
                0x0000048c       0xe0 ./src/main.o
 .text.rtccSetup
                0x0000056c       0x6c ./src/main.o
                0x0000056c                rtccSetup
 .text.cryotimerSetup
                0x000005d8       0x50 ./src/main.o
                0x000005d8                cryotimerSetup
 .text.CRYOTIMER_IRQHandler
                0x00000628       0x1c ./src/main.o
                0x00000628                CRYOTIMER_IRQHandler
 .text.RTCC_IRQHandler
                0x00000644       0x20 ./src/main.o
                0x00000644                RTCC_IRQHandler
 .text.GPIO_EVEN_IRQHandler
                0x00000664       0x20 ./src/main.o
                0x00000664                GPIO_EVEN_IRQHandler
 .text.GPIO_ODD_IRQHandler
                0x00000684       0x34 ./src/main.o
                0x00000684                GPIO_ODD_IRQHandler
 .text.main     0x000006b8       0xc4 ./src/main.o
                0x000006b8                main
 .text.DriveKeyboardColumns
                0x0000077c       0xc0 ./src/main.o
                0x0000077c                DriveKeyboardColumns
 .text.Get_KeyboardKey
                0x0000083c      0x1bc ./src/main.o
                0x0000083c                Get_KeyboardKey
 .text.PrintKey
                0x000009f8       0x2c ./src/main.o
                0x000009f8                PrintKey
 .text.assertEFM
                0x00000a24        0xc ./emlib/em_assert.o
                0x00000a24                assertEFM
 .text.BUS_RegBitWrite
                0x00000a30       0x2c ./emlib/em_cmu.o
 .text.BUS_RegBitRead
                0x00000a5c       0x2c ./emlib/em_cmu.o
 .text.BUS_RegMaskedRead
                0x00000a88       0x20 ./emlib/em_cmu.o
 .text.CMU_Log2ToDiv
                0x00000aa8       0x1c ./emlib/em_cmu.o
 .text.auxClkGet
                0x00000ac4       0x20 ./emlib/em_cmu.o
 .text.dbgClkGet
                0x00000ae4       0x4c ./emlib/em_cmu.o
 .text.flashWaitStateControl
                0x00000b30       0x78 ./emlib/em_cmu.o
 .text.flashWaitStateMax
                0x00000ba8       0x14 ./emlib/em_cmu.o
 .text.lfClkGet
                0x00000bbc      0x104 ./emlib/em_cmu.o
 .text.syncReg  0x00000cc0       0x38 ./emlib/em_cmu.o
 .text.CMU_ClockEnable
                0x00000cf8       0xd8 ./emlib/em_cmu.o
                0x00000cf8                CMU_ClockEnable
 .text.CMU_ClockFreqGet
                0x00000dd0      0x1ac ./emlib/em_cmu.o
                0x00000dd0                CMU_ClockFreqGet
 .text.CMU_ClockSelectGet
                0x00000f7c      0x158 ./emlib/em_cmu.o
                0x00000f7c                CMU_ClockSelectGet
 .text.CMU_ClockSelectSet
                0x000010d4      0x224 ./emlib/em_cmu.o
                0x000010d4                CMU_ClockSelectSet
 .text.CMU_OscillatorEnable
                0x000012f8      0x140 ./emlib/em_cmu.o
                0x000012f8                CMU_OscillatorEnable
 .text.BUS_RegBitWrite
                0x00001438       0x2c ./emlib/em_cryotimer.o
 .text.CRYOTIMER_EM4WakeupEnable
                0x00001464       0x20 ./emlib/em_cryotimer.o
 .text.CRYOTIMER_Init
                0x00001484       0x4c ./emlib/em_cryotimer.o
                0x00001484                CRYOTIMER_Init
 .text.SystemCoreClockUpdate
                0x000014d0        0xc ./emlib/em_emu.o
 .text.BUS_RegBitWrite
                0x000014dc       0x2c ./emlib/em_emu.o
 .text.CMU_Lock
                0x00001508       0x18 ./emlib/em_emu.o
 .text.CMU_Unlock
                0x00001520       0x1c ./emlib/em_emu.o
 .text.SYSTEM_GetDevinfoRev
                0x0000153c       0x18 ./emlib/em_emu.o
 .text.SYSTEM_GetFamily
                0x00001554       0x20 ./emlib/em_emu.o
 .text.emuRestore
                0x00001574       0xfc ./emlib/em_emu.o
 .text.dcdcFetCntSet
                0x00001670       0x50 ./emlib/em_emu.o
                0x00001670                dcdcFetCntSet
 .text.dcdcHsFixLnBlock
                0x000016c0       0x28 ./emlib/em_emu.o
                0x000016c0                dcdcHsFixLnBlock
 .text.EMU_EnterEM2
                0x000016e8       0x70 ./emlib/em_emu.o
                0x000016e8                EMU_EnterEM2
 .text.EMU_UpdateOscConfig
                0x00001758       0x30 ./emlib/em_emu.o
                0x00001758                EMU_UpdateOscConfig
 .text.ConstCalibrationLoad
                0x00001788       0xd0 ./emlib/em_emu.o
 .text.ValidatedConfigSet
                0x00001858       0xb0 ./emlib/em_emu.o
                0x00001858                ValidatedConfigSet
 .text.maxCurrentUpdate
                0x00001908       0x70 ./emlib/em_emu.o
 .text.maxCurrentSet
                0x00001978       0x20 ./emlib/em_emu.o
 .text.LpCmpHystCalibrationLoad
                0x00001998       0xdc ./emlib/em_emu.o
 .text.EMU_DCDCModeSet
                0x00001a74       0x4c ./emlib/em_emu.o
                0x00001a74                EMU_DCDCModeSet
 .text.EMU_DCDCInit
                0x00001ac0      0x138 ./emlib/em_emu.o
                0x00001ac0                EMU_DCDCInit
 .text.EMU_DCDCOutputVoltageSet
                0x00001bf8      0x364 ./emlib/em_emu.o
                0x00001bf8                EMU_DCDCOutputVoltageSet
 .text.EMU_DCDCOptimizeSlice
                0x00001f5c       0xe8 ./emlib/em_emu.o
                0x00001f5c                EMU_DCDCOptimizeSlice
 .text.BUS_RegBitWrite
                0x00002044       0x2c ./emlib/em_gpio.o
 .text.BUS_RegMaskedSet
                0x00002070       0x24 ./emlib/em_gpio.o
 .text.BUS_RegMaskedClear
                0x00002094       0x24 ./emlib/em_gpio.o
 .text.BUS_RegMaskedWrite
                0x000020b8       0x24 ./emlib/em_gpio.o
 .text.GPIO_PinOutClear
                0x000020dc       0x90 ./emlib/em_gpio.o
 .text.GPIO_PinOutSet
                0x0000216c       0x90 ./emlib/em_gpio.o
 .text.GPIO_IntConfig
                0x000021fc      0x10c ./emlib/em_gpio.o
                0x000021fc                GPIO_IntConfig
 .text.GPIO_PinModeSet
                0x00002308      0x12c ./emlib/em_gpio.o
                0x00002308                GPIO_PinModeSet
 .text.BUS_RegBitWrite
                0x00002434       0x2c ./emlib/em_rtcc.o
 .text.RTCC_Enable
                0x00002460       0x20 ./emlib/em_rtcc.o
                0x00002460                RTCC_Enable
 .text.RTCC_Init
                0x00002480       0x60 ./emlib/em_rtcc.o
                0x00002480                RTCC_Init
 .text.SYSTEM_ChipRevisionGet
                0x000024e0       0x80 ./emlib/em_system.o
                0x000024e0                SYSTEM_ChipRevisionGet
 .text.USART_BaudrateAsyncSet
                0x00002560      0x130 ./emlib/em_usart.o
                0x00002560                USART_BaudrateAsyncSet
 .text.USART_Enable
                0x00002690       0x54 ./emlib/em_usart.o
                0x00002690                USART_Enable
 .text.USART_InitAsync
                0x000026e4       0xc8 ./emlib/em_usart.o
                0x000026e4                USART_InitAsync
 .text.USART_Reset
                0x000027ac       0x9c ./emlib/em_usart.o
                0x000027ac                USART_Reset
 .text.USART_Rx
                0x00002848       0x28 ./emlib/em_usart.o
                0x00002848                USART_Rx
 .text.USART_Tx
                0x00002870       0x2c ./emlib/em_usart.o
                0x00002870                USART_Tx
 .text._close   0x0000289c       0x18 ./Drivers/retargetio.o
                0x0000289c                _close
 .text._exit    0x000028b4        0xc ./Drivers/retargetio.o
                0x000028b4                _exit
 .text._fstat   0x000028c0       0x20 ./Drivers/retargetio.o
                0x000028c0                _fstat
 .text._isatty  0x000028e0       0x18 ./Drivers/retargetio.o
                0x000028e0                _isatty
 .text._lseek   0x000028f8       0x1c ./Drivers/retargetio.o
                0x000028f8                _lseek
 .text._read    0x00002914       0x58 ./Drivers/retargetio.o
                0x00002914                _read
 .text._sbrk    0x0000296c       0x7c ./Drivers/retargetio.o
                0x0000296c                _sbrk
 .text._write   0x000029e8       0x38 ./Drivers/retargetio.o
                0x000029e8                _write
 .text.NVIC_EnableIRQ
                0x00002a20       0x30 ./Drivers/retargetserial.o
 .text.NVIC_ClearPendingIRQ
                0x00002a50       0x34 ./Drivers/retargetserial.o
 .text.INT_Disable
                0x00002a84       0x2c ./Drivers/retargetserial.o
 .text.INT_Enable
                0x00002ab0       0x3c ./Drivers/retargetserial.o
 .text.USART_IntClear
                0x00002aec       0x1c ./Drivers/retargetserial.o
 .text.USART_IntEnable
                0x00002b08       0x20 ./Drivers/retargetserial.o
 .text.USART0_RX_IRQHandler
                0x00002b28       0x74 ./Drivers/retargetserial.o
                0x00002b28                USART0_RX_IRQHandler
 .text.RETARGET_SerialCrLf
                0x00002b9c       0x2c ./Drivers/retargetserial.o
                0x00002b9c                RETARGET_SerialCrLf
 .text.RETARGET_SerialInit
                0x00002bc8       0xdc ./Drivers/retargetserial.o
                0x00002bc8                RETARGET_SerialInit
 .text.RETARGET_ReadChar
                0x00002ca4       0x78 ./Drivers/retargetserial.o
                0x00002ca4                RETARGET_ReadChar
 .text.RETARGET_WriteChar
                0x00002d1c       0x68 ./Drivers/retargetserial.o
                0x00002d1c                RETARGET_WriteChar
 .text          0x00002d84       0x30 ./CMSIS/efm32pg1b/startup_efm32pg1b.o
                0x00002d84                Reset_Handler
                0x00002db0                USART0_TX_IRQHandler
                0x00002db0                I2C0_IRQHandler
                0x00002db0                HardFault_Handler
                0x00002db0                SysTick_Handler
                0x00002db0                USART1_RX_IRQHandler
                0x00002db0                PendSV_Handler
                0x00002db0                NMI_Handler
                0x00002db0                WDOG0_IRQHandler
                0x00002db0                USART1_TX_IRQHandler
                0x00002db0                MSC_IRQHandler
                0x00002db0                ADC0_IRQHandler
                0x00002db0                UsageFault_Handler
                0x00002db0                LEUART0_IRQHandler
                0x00002db0                FPUEH_IRQHandler
                0x00002db0                LDMA_IRQHandler
                0x00002db0                TIMER0_IRQHandler
                0x00002db0                DebugMon_Handler
                0x00002db0                LETIMER0_IRQHandler
                0x00002db0                TIMER1_IRQHandler
                0x00002db0                Default_Handler
                0x00002db0                EMU_IRQHandler
                0x00002db0                PCNT0_IRQHandler
                0x00002db0                ACMP0_IRQHandler
                0x00002db0                MemManage_Handler
                0x00002db0                SVC_Handler
                0x00002db0                CRYPTO_IRQHandler
                0x00002db0                CMU_IRQHandler
                0x00002db0                BusFault_Handler
                0x00002db0                IDAC0_IRQHandler
 .text.SystemCoreClockGet
                0x00002db4       0x44 ./CMSIS/efm32pg1b/system_efm32pg1b.o
                0x00002db4                SystemCoreClockGet
 .text.SystemMaxCoreClockGet
                0x00002df8       0x14 ./CMSIS/efm32pg1b/system_efm32pg1b.o
                0x00002df8                SystemMaxCoreClockGet
 .text.SystemHFClockGet
                0x00002e0c       0x5c ./CMSIS/efm32pg1b/system_efm32pg1b.o
                0x00002e0c                SystemHFClockGet
 .text.SystemHFXOClockGet
                0x00002e68       0x18 ./CMSIS/efm32pg1b/system_efm32pg1b.o
                0x00002e68                SystemHFXOClockGet
 .text.SystemInit
                0x00002e80       0x20 ./CMSIS/efm32pg1b/system_efm32pg1b.o
                0x00002e80                SystemInit
 .text.SystemLFRCOClockGet
                0x00002ea0       0x14 ./CMSIS/efm32pg1b/system_efm32pg1b.o
                0x00002ea0                SystemLFRCOClockGet
 .text.SystemULFRCOClockGet
                0x00002eb4       0x14 ./CMSIS/efm32pg1b/system_efm32pg1b.o
                0x00002eb4                SystemULFRCOClockGet
 .text.SystemLFXOClockGet
                0x00002ec8       0x18 ./CMSIS/efm32pg1b/system_efm32pg1b.o
                0x00002ec8                SystemLFXOClockGet
 .text.exit     0x00002ee0       0x28 c:/siliconlabs/simplicitystudio/v3_3/developer/toolchains/gnu_arm/4.8_2013q4/bin/../lib/gcc/arm-none-eabi/4.8.3/../../../../arm-none-eabi/lib/armv7e-m/softfp\libc_s.a(lib_a-exit.o)
                0x00002ee0                exit
 .text.fileno   0x00002f08       0x5c c:/siliconlabs/simplicitystudio/v3_3/developer/toolchains/gnu_arm/4.8_2013q4/bin/../lib/gcc/arm-none-eabi/4.8.3/../../../../arm-none-eabi/lib/armv7e-m/softfp\libc_s.a(lib_a-fileno.o)
                0x00002f08                fileno
 .text._cleanup_r
                0x00002f64       0x32 c:/siliconlabs/simplicitystudio/v3_3/developer/toolchains/gnu_arm/4.8_2013q4/bin/../lib/gcc/arm-none-eabi/4.8.3/../../../../arm-none-eabi/lib/armv7e-m/softfp\libc_s.a(lib_a-findfp.o)
                0x00002f64                _cleanup_r
 *fill*         0x00002f96        0x2 
 .text.std.isra.0
                0x00002f98       0x48 c:/siliconlabs/simplicitystudio/v3_3/developer/toolchains/gnu_arm/4.8_2013q4/bin/../lib/gcc/arm-none-eabi/4.8.3/../../../../arm-none-eabi/lib/armv7e-m/softfp\libc_s.a(lib_a-findfp.o)
 .text.__sfmoreglue
                0x00002fe0       0x2c c:/siliconlabs/simplicitystudio/v3_3/developer/toolchains/gnu_arm/4.8_2013q4/bin/../lib/gcc/arm-none-eabi/4.8.3/../../../../arm-none-eabi/lib/armv7e-m/softfp\libc_s.a(lib_a-findfp.o)
                0x00002fe0                __sfmoreglue
 .text.__sinit  0x0000300c       0x60 c:/siliconlabs/simplicitystudio/v3_3/developer/toolchains/gnu_arm/4.8_2013q4/bin/../lib/gcc/arm-none-eabi/4.8.3/../../../../arm-none-eabi/lib/armv7e-m/softfp\libc_s.a(lib_a-findfp.o)
                0x0000300c                __sinit
 .text.__sfp    0x0000306c       0x74 c:/siliconlabs/simplicitystudio/v3_3/developer/toolchains/gnu_arm/4.8_2013q4/bin/../lib/gcc/arm-none-eabi/4.8.3/../../../../arm-none-eabi/lib/armv7e-m/softfp\libc_s.a(lib_a-findfp.o)
                0x0000306c                __sfp
 .text.__libc_init_array
                0x000030e0       0x4c c:/siliconlabs/simplicitystudio/v3_3/developer/toolchains/gnu_arm/4.8_2013q4/bin/../lib/gcc/arm-none-eabi/4.8.3/../../../../arm-none-eabi/lib/armv7e-m/softfp\libc_s.a(lib_a-init.o)
                0x000030e0                __libc_init_array
 .text.memset   0x0000312c       0x10 c:/siliconlabs/simplicitystudio/v3_3/developer/toolchains/gnu_arm/4.8_2013q4/bin/../lib/gcc/arm-none-eabi/4.8.3/../../../../arm-none-eabi/lib/armv7e-m/softfp\libc_s.a(lib_a-memset.o)
                0x0000312c                memset
 .text._malloc_r
                0x0000313c       0xa8 c:/siliconlabs/simplicitystudio/v3_3/developer/toolchains/gnu_arm/4.8_2013q4/bin/../lib/gcc/arm-none-eabi/4.8.3/../../../../arm-none-eabi/lib/armv7e-m/softfp\libc_s.a(lib_a-nano-mallocr.o)
                0x0000313c                _malloc_r
 .text.printf   0x000031e4       0x30 c:/siliconlabs/simplicitystudio/v3_3/developer/toolchains/gnu_arm/4.8_2013q4/bin/../lib/gcc/arm-none-eabi/4.8.3/../../../../arm-none-eabi/lib/armv7e-m/softfp\libc_s.a(lib_a-printf.o)
                0x000031e4                iprintf
                0x000031e4                printf
 .text._sbrk_r  0x00003214       0x20 c:/siliconlabs/simplicitystudio/v3_3/developer/toolchains/gnu_arm/4.8_2013q4/bin/../lib/gcc/arm-none-eabi/4.8.3/../../../../arm-none-eabi/lib/armv7e-m/softfp\libc_s.a(lib_a-sbrkr.o)
                0x00003214                _sbrk_r
 .text.setvbuf  0x00003234      0x110 c:/siliconlabs/simplicitystudio/v3_3/developer/toolchains/gnu_arm/4.8_2013q4/bin/../lib/gcc/arm-none-eabi/4.8.3/../../../../arm-none-eabi/lib/armv7e-m/softfp\libc_s.a(lib_a-setvbuf.o)
                0x00003234                setvbuf
 .text.__sread  0x00003344       0x22 c:/siliconlabs/simplicitystudio/v3_3/developer/toolchains/gnu_arm/4.8_2013q4/bin/../lib/gcc/arm-none-eabi/4.8.3/../../../../arm-none-eabi/lib/armv7e-m/softfp\libc_s.a(lib_a-stdio.o)
                0x00003344                __sread
 .text.__swrite
                0x00003366       0x38 c:/siliconlabs/simplicitystudio/v3_3/developer/toolchains/gnu_arm/4.8_2013q4/bin/../lib/gcc/arm-none-eabi/4.8.3/../../../../arm-none-eabi/lib/armv7e-m/softfp\libc_s.a(lib_a-stdio.o)
                0x00003366                __swrite
 .text.__sseek  0x0000339e       0x24 c:/siliconlabs/simplicitystudio/v3_3/developer/toolchains/gnu_arm/4.8_2013q4/bin/../lib/gcc/arm-none-eabi/4.8.3/../../../../arm-none-eabi/lib/armv7e-m/softfp\libc_s.a(lib_a-stdio.o)
                0x0000339e                __sseek
 .text.__sclose
                0x000033c2        0x8 c:/siliconlabs/simplicitystudio/v3_3/developer/toolchains/gnu_arm/4.8_2013q4/bin/../lib/gcc/arm-none-eabi/4.8.3/../../../../arm-none-eabi/lib/armv7e-m/softfp\libc_s.a(lib_a-stdio.o)
                0x000033c2                __sclose
 .text.strlen   0x000033ca       0x10 c:/siliconlabs/simplicitystudio/v3_3/developer/toolchains/gnu_arm/4.8_2013q4/bin/../lib/gcc/arm-none-eabi/4.8.3/../../../../arm-none-eabi/lib/armv7e-m/softfp\libc_s.a(lib_a-strlen.o)
                0x000033ca                strlen
 .text.__sfputc_r
                0x000033da       0x2c c:/siliconlabs/simplicitystudio/v3_3/developer/toolchains/gnu_arm/4.8_2013q4/bin/../lib/gcc/arm-none-eabi/4.8.3/../../../../arm-none-eabi/lib/armv7e-m/softfp\libc_s.a(lib_a-vfprintf.o)
 .text.__sfputs_r
                0x00003406       0x24 c:/siliconlabs/simplicitystudio/v3_3/developer/toolchains/gnu_arm/4.8_2013q4/bin/../lib/gcc/arm-none-eabi/4.8.3/../../../../arm-none-eabi/lib/armv7e-m/softfp\libc_s.a(lib_a-vfprintf.o)
                0x00003406                __sfputs_r
 *fill*         0x0000342a        0x2 
 .text._vfprintf_r
                0x0000342c      0x208 c:/siliconlabs/simplicitystudio/v3_3/developer/toolchains/gnu_arm/4.8_2013q4/bin/../lib/gcc/arm-none-eabi/4.8.3/../../../../arm-none-eabi/lib/armv7e-m/softfp\libc_s.a(lib_a-vfprintf.o)
                0x0000342c                _vfprintf_r
                0x0000342c                _vfiprintf_r
 .text.__cvt    0x00003634       0xc0 c:/siliconlabs/simplicitystudio/v3_3/developer/toolchains/gnu_arm/4.8_2013q4/bin/../lib/gcc/arm-none-eabi/4.8.3/../../../../arm-none-eabi/lib/armv7e-m/softfp\libc_s.a(lib_a-vfprintf_float.o)
                0x00003634                __cvt
 .text.__exponent
                0x000036f4       0x66 c:/siliconlabs/simplicitystudio/v3_3/developer/toolchains/gnu_arm/4.8_2013q4/bin/../lib/gcc/arm-none-eabi/4.8.3/../../../../arm-none-eabi/lib/armv7e-m/softfp\libc_s.a(lib_a-vfprintf_float.o)
                0x000036f4                __exponent
 *fill*         0x0000375a        0x2 
 .text._printf_float
                0x0000375c      0x41c c:/siliconlabs/simplicitystudio/v3_3/developer/toolchains/gnu_arm/4.8_2013q4/bin/../lib/gcc/arm-none-eabi/4.8.3/../../../../arm-none-eabi/lib/armv7e-m/softfp\libc_s.a(lib_a-vfprintf_float.o)
                0x0000375c                _printf_float
 .text._printf_common
                0x00003b78       0xe4 c:/siliconlabs/simplicitystudio/v3_3/developer/toolchains/gnu_arm/4.8_2013q4/bin/../lib/gcc/arm-none-eabi/4.8.3/../../../../arm-none-eabi/lib/armv7e-m/softfp\libc_s.a(lib_a-vfprintf_i.o)
                0x00003b78                _printf_common
 .text._printf_i
                0x00003c5c      0x228 c:/siliconlabs/simplicitystudio/v3_3/developer/toolchains/gnu_arm/4.8_2013q4/bin/../lib/gcc/arm-none-eabi/4.8.3/../../../../arm-none-eabi/lib/armv7e-m/softfp\libc_s.a(lib_a-vfprintf_i.o)
                0x00003c5c                _printf_i
 .text.__swbuf_r
                0x00003e84       0xa8 c:/siliconlabs/simplicitystudio/v3_3/developer/toolchains/gnu_arm/4.8_2013q4/bin/../lib/gcc/arm-none-eabi/4.8.3/../../../../arm-none-eabi/lib/armv7e-m/softfp\libc_s.a(lib_a-wbuf.o)
                0x00003e84                __swbuf_r
 .text._write_r
                0x00003f2c       0x24 c:/siliconlabs/simplicitystudio/v3_3/developer/toolchains/gnu_arm/4.8_2013q4/bin/../lib/gcc/arm-none-eabi/4.8.3/../../../../arm-none-eabi/lib/armv7e-m/softfp\libc_s.a(lib_a-writer.o)
                0x00003f2c                _write_r
 .text.__swsetup_r
                0x00003f50       0xdc c:/siliconlabs/simplicitystudio/v3_3/developer/toolchains/gnu_arm/4.8_2013q4/bin/../lib/gcc/arm-none-eabi/4.8.3/../../../../arm-none-eabi/lib/armv7e-m/softfp\libc_s.a(lib_a-wsetup.o)
                0x00003f50                __swsetup_r
 .text._close_r
                0x0000402c       0x20 c:/siliconlabs/simplicitystudio/v3_3/developer/toolchains/gnu_arm/4.8_2013q4/bin/../lib/gcc/arm-none-eabi/4.8.3/../../../../arm-none-eabi/lib/armv7e-m/softfp\libc_s.a(lib_a-closer.o)
                0x0000402c                _close_r
 .text.quorem   0x0000404c      0x11a c:/siliconlabs/simplicitystudio/v3_3/developer/toolchains/gnu_arm/4.8_2013q4/bin/../lib/gcc/arm-none-eabi/4.8.3/../../../../arm-none-eabi/lib/armv7e-m/softfp\libc_s.a(lib_a-dtoa.o)
 *fill*         0x00004166        0x2 
 .text._dtoa_r  0x00004168      0xb70 c:/siliconlabs/simplicitystudio/v3_3/developer/toolchains/gnu_arm/4.8_2013q4/bin/../lib/gcc/arm-none-eabi/4.8.3/../../../../arm-none-eabi/lib/armv7e-m/softfp\libc_s.a(lib_a-dtoa.o)
                0x00004168                _dtoa_r
 .text.__sflush_r
                0x00004cd8      0x106 c:/siliconlabs/simplicitystudio/v3_3/developer/toolchains/gnu_arm/4.8_2013q4/bin/../lib/gcc/arm-none-eabi/4.8.3/../../../../arm-none-eabi/lib/armv7e-m/softfp\libc_s.a(lib_a-fflush.o)
                0x00004cd8                __sflush_r
 *fill*         0x00004dde        0x2 
 .text._fflush_r
                0x00004de0       0x54 c:/siliconlabs/simplicitystudio/v3_3/developer/toolchains/gnu_arm/4.8_2013q4/bin/../lib/gcc/arm-none-eabi/4.8.3/../../../../arm-none-eabi/lib/armv7e-m/softfp\libc_s.a(lib_a-fflush.o)
                0x00004de0                _fflush_r
 .text._localeconv_r
                0x00004e34        0x8 c:/siliconlabs/simplicitystudio/v3_3/developer/toolchains/gnu_arm/4.8_2013q4/bin/../lib/gcc/arm-none-eabi/4.8.3/../../../../arm-none-eabi/lib/armv7e-m/softfp\libc_s.a(lib_a-locale.o)
                0x00004e34                _localeconv_r
 .text._lseek_r
                0x00004e3c       0x24 c:/siliconlabs/simplicitystudio/v3_3/developer/toolchains/gnu_arm/4.8_2013q4/bin/../lib/gcc/arm-none-eabi/4.8.3/../../../../arm-none-eabi/lib/armv7e-m/softfp\libc_s.a(lib_a-lseekr.o)
                0x00004e3c                _lseek_r
 .text.__smakebuf_r
                0x00004e60       0x9c c:/siliconlabs/simplicitystudio/v3_3/developer/toolchains/gnu_arm/4.8_2013q4/bin/../lib/gcc/arm-none-eabi/4.8.3/../../../../arm-none-eabi/lib/armv7e-m/softfp\libc_s.a(lib_a-makebuf.o)
                0x00004e60                __smakebuf_r
 .text.malloc   0x00004efc       0x10 c:/siliconlabs/simplicitystudio/v3_3/developer/toolchains/gnu_arm/4.8_2013q4/bin/../lib/gcc/arm-none-eabi/4.8.3/../../../../arm-none-eabi/lib/armv7e-m/softfp\libc_s.a(lib_a-malloc.o)
                0x00004efc                malloc
 .text.memchr   0x00004f0c       0x1e c:/siliconlabs/simplicitystudio/v3_3/developer/toolchains/gnu_arm/4.8_2013q4/bin/../lib/gcc/arm-none-eabi/4.8.3/../../../../arm-none-eabi/lib/armv7e-m/softfp\libc_s.a(lib_a-memchr-stub.o)
                0x00004f0c                memchr
 .text.memcpy   0x00004f2a       0x12 c:/siliconlabs/simplicitystudio/v3_3/developer/toolchains/gnu_arm/4.8_2013q4/bin/../lib/gcc/arm-none-eabi/4.8.3/../../../../arm-none-eabi/lib/armv7e-m/softfp\libc_s.a(lib_a-memcpy-stub.o)
                0x00004f2a                memcpy
 .text._Balloc  0x00004f3c       0x6a c:/siliconlabs/simplicitystudio/v3_3/developer/toolchains/gnu_arm/4.8_2013q4/bin/../lib/gcc/arm-none-eabi/4.8.3/../../../../arm-none-eabi/lib/armv7e-m/softfp\libc_s.a(lib_a-mprec.o)
                0x00004f3c                _Balloc
 .text._Bfree   0x00004fa6       0x2e c:/siliconlabs/simplicitystudio/v3_3/developer/toolchains/gnu_arm/4.8_2013q4/bin/../lib/gcc/arm-none-eabi/4.8.3/../../../../arm-none-eabi/lib/armv7e-m/softfp\libc_s.a(lib_a-mprec.o)
                0x00004fa6                _Bfree
 .text.__multadd
                0x00004fd4       0x74 c:/siliconlabs/simplicitystudio/v3_3/developer/toolchains/gnu_arm/4.8_2013q4/bin/../lib/gcc/arm-none-eabi/4.8.3/../../../../arm-none-eabi/lib/armv7e-m/softfp\libc_s.a(lib_a-mprec.o)
                0x00004fd4                __multadd
 .text.__hi0bits
                0x00005048       0x40 c:/siliconlabs/simplicitystudio/v3_3/developer/toolchains/gnu_arm/4.8_2013q4/bin/../lib/gcc/arm-none-eabi/4.8.3/../../../../arm-none-eabi/lib/armv7e-m/softfp\libc_s.a(lib_a-mprec.o)
                0x00005048                __hi0bits
 .text.__lo0bits
                0x00005088       0x5a c:/siliconlabs/simplicitystudio/v3_3/developer/toolchains/gnu_arm/4.8_2013q4/bin/../lib/gcc/arm-none-eabi/4.8.3/../../../../arm-none-eabi/lib/armv7e-m/softfp\libc_s.a(lib_a-mprec.o)
                0x00005088                __lo0bits
 .text.__i2b    0x000050e2       0x12 c:/siliconlabs/simplicitystudio/v3_3/developer/toolchains/gnu_arm/4.8_2013q4/bin/../lib/gcc/arm-none-eabi/4.8.3/../../../../arm-none-eabi/lib/armv7e-m/softfp\libc_s.a(lib_a-mprec.o)
                0x000050e2                __i2b
 .text.__multiply
                0x000050f4      0x130 c:/siliconlabs/simplicitystudio/v3_3/developer/toolchains/gnu_arm/4.8_2013q4/bin/../lib/gcc/arm-none-eabi/4.8.3/../../../../arm-none-eabi/lib/armv7e-m/softfp\libc_s.a(lib_a-mprec.o)
                0x000050f4                __multiply
 .text.__pow5mult
                0x00005224       0x9c c:/siliconlabs/simplicitystudio/v3_3/developer/toolchains/gnu_arm/4.8_2013q4/bin/../lib/gcc/arm-none-eabi/4.8.3/../../../../arm-none-eabi/lib/armv7e-m/softfp\libc_s.a(lib_a-mprec.o)
                0x00005224                __pow5mult
 .text.__lshift
                0x000052c0       0xa6 c:/siliconlabs/simplicitystudio/v3_3/developer/toolchains/gnu_arm/4.8_2013q4/bin/../lib/gcc/arm-none-eabi/4.8.3/../../../../arm-none-eabi/lib/armv7e-m/softfp\libc_s.a(lib_a-mprec.o)
                0x000052c0                __lshift
 .text.__mcmp   0x00005366       0x3a c:/siliconlabs/simplicitystudio/v3_3/developer/toolchains/gnu_arm/4.8_2013q4/bin/../lib/gcc/arm-none-eabi/4.8.3/../../../../arm-none-eabi/lib/armv7e-m/softfp\libc_s.a(lib_a-mprec.o)
                0x00005366                __mcmp
 .text.__mdiff  0x000053a0       0xbc c:/siliconlabs/simplicitystudio/v3_3/developer/toolchains/gnu_arm/4.8_2013q4/bin/../lib/gcc/arm-none-eabi/4.8.3/../../../../arm-none-eabi/lib/armv7e-m/softfp\libc_s.a(lib_a-mprec.o)
                0x000053a0                __mdiff
 .text.__d2b    0x0000545c       0xa4 c:/siliconlabs/simplicitystudio/v3_3/developer/toolchains/gnu_arm/4.8_2013q4/bin/../lib/gcc/arm-none-eabi/4.8.3/../../../../arm-none-eabi/lib/armv7e-m/softfp\libc_s.a(lib_a-mprec.o)
                0x0000545c                __d2b
 .text._calloc_r
                0x00005500       0x1c c:/siliconlabs/simplicitystudio/v3_3/developer/toolchains/gnu_arm/4.8_2013q4/bin/../lib/gcc/arm-none-eabi/4.8.3/../../../../arm-none-eabi/lib/armv7e-m/softfp\libc_s.a(lib_a-nano-callocr.o)
                0x00005500                _calloc_r
 .text._free_r  0x0000551c       0x88 c:/siliconlabs/simplicitystudio/v3_3/developer/toolchains/gnu_arm/4.8_2013q4/bin/../lib/gcc/arm-none-eabi/4.8.3/../../../../arm-none-eabi/lib/armv7e-m/softfp\libc_s.a(lib_a-nano-freer.o)
                0x0000551c                _free_r
 .text._read_r  0x000055a4       0x24 c:/siliconlabs/simplicitystudio/v3_3/developer/toolchains/gnu_arm/4.8_2013q4/bin/../lib/gcc/arm-none-eabi/4.8.3/../../../../arm-none-eabi/lib/armv7e-m/softfp\libc_s.a(lib_a-readr.o)
                0x000055a4                _read_r
 .text.__fpclassifyd
                0x000055c8       0x44 c:/siliconlabs/simplicitystudio/v3_3/developer/toolchains/gnu_arm/4.8_2013q4/bin/../lib/gcc/arm-none-eabi/4.8.3/../../../../arm-none-eabi/lib/armv7e-m/softfp\libc_s.a(lib_a-s_fpclassify.o)
                0x000055c8                __fpclassifyd
 .text._fstat_r
                0x0000560c       0x24 c:/siliconlabs/simplicitystudio/v3_3/developer/toolchains/gnu_arm/4.8_2013q4/bin/../lib/gcc/arm-none-eabi/4.8.3/../../../../arm-none-eabi/lib/armv7e-m/softfp\libc_s.a(lib_a-fstatr.o)
                0x0000560c                _fstat_r
 .text._isatty_r
                0x00005630       0x20 c:/siliconlabs/simplicitystudio/v3_3/developer/toolchains/gnu_arm/4.8_2013q4/bin/../lib/gcc/arm-none-eabi/4.8.3/../../../../arm-none-eabi/lib/armv7e-m/softfp\libc_s.a(lib_a-isattyr.o)
                0x00005630                _isatty_r
 .text          0x00005650      0x370 c:/siliconlabs/simplicitystudio/v3_3/developer/toolchains/gnu_arm/4.8_2013q4/bin/../lib/gcc/arm-none-eabi/4.8.3/armv7e-m/softfp\libgcc.a(_arm_addsubdf3.o)
                0x00005650                __aeabi_drsub
                0x00005658                __aeabi_dsub
                0x00005658                __subdf3
                0x0000565c                __aeabi_dadd
                0x0000565c                __adddf3
                0x000058d4                __floatunsidf
                0x000058d4                __aeabi_ui2d
                0x000058f4                __floatsidf
                0x000058f4                __aeabi_i2d
                0x00005918                __aeabi_f2d
                0x00005918                __extendsfdf2
                0x00005954                __floatundidf
                0x00005954                __aeabi_ul2d
                0x00005964                __floatdidf
                0x00005964                __aeabi_l2d
 .text          0x000059c0      0x424 c:/siliconlabs/simplicitystudio/v3_3/developer/toolchains/gnu_arm/4.8_2013q4/bin/../lib/gcc/arm-none-eabi/4.8.3/armv7e-m/softfp\libgcc.a(_arm_muldivdf3.o)
                0x000059c0                __aeabi_dmul
                0x000059c0                __muldf3
                0x00005c14                __divdf3
                0x00005c14                __aeabi_ddiv
 .text          0x00005de4      0x110 c:/siliconlabs/simplicitystudio/v3_3/developer/toolchains/gnu_arm/4.8_2013q4/bin/../lib/gcc/arm-none-eabi/4.8.3/armv7e-m/softfp\libgcc.a(_arm_cmpdf2.o)
                0x00005de4                __gtdf2
                0x00005de4                __gedf2
                0x00005dec                __ltdf2
                0x00005dec                __ledf2
                0x00005df4                __nedf2
                0x00005df4                __eqdf2
                0x00005df4                __cmpdf2
                0x00005e70                __aeabi_cdrcmple
                0x00005e80                __aeabi_cdcmpeq
                0x00005e80                __aeabi_cdcmple
                0x00005e90                __aeabi_dcmpeq
                0x00005ea4                __aeabi_dcmplt
                0x00005eb8                __aeabi_dcmple
                0x00005ecc                __aeabi_dcmpge
                0x00005ee0                __aeabi_dcmpgt
 .text          0x00005ef4       0x50 c:/siliconlabs/simplicitystudio/v3_3/developer/toolchains/gnu_arm/4.8_2013q4/bin/../lib/gcc/arm-none-eabi/4.8.3/armv7e-m/softfp\libgcc.a(_arm_fixdfsi.o)
                0x00005ef4                __aeabi_d2iz
                0x00005ef4                __fixdfsi
 *(.init)
 .init          0x00005f44        0x4 c:/siliconlabs/simplicitystudio/v3_3/developer/toolchains/gnu_arm/4.8_2013q4/bin/../lib/gcc/arm-none-eabi/4.8.3/armv7e-m/softfp/crti.o
                0x00005f44                _init
 .init          0x00005f48        0x8 c:/siliconlabs/simplicitystudio/v3_3/developer/toolchains/gnu_arm/4.8_2013q4/bin/../lib/gcc/arm-none-eabi/4.8.3/armv7e-m/softfp/crtn.o
 *(.fini)
 .fini          0x00005f50        0x4 c:/siliconlabs/simplicitystudio/v3_3/developer/toolchains/gnu_arm/4.8_2013q4/bin/../lib/gcc/arm-none-eabi/4.8.3/armv7e-m/softfp/crti.o
                0x00005f50                _fini
 .fini          0x00005f54        0x8 c:/siliconlabs/simplicitystudio/v3_3/developer/toolchains/gnu_arm/4.8_2013q4/bin/../lib/gcc/arm-none-eabi/4.8.3/armv7e-m/softfp/crtn.o
 *crtbegin.o(.ctors)
 *crtbegin?.o(.ctors)
 *(EXCLUDE_FILE(*crtend.o *crtend?.o) .ctors)
 *(SORT(.ctors.*))
 *(.ctors)
 *crtbegin.o(.dtors)
 *crtbegin?.o(.dtors)
 *(EXCLUDE_FILE(*crtend.o *crtend?.o) .dtors)
 *(SORT(.dtors.*))
 *(.dtors)
 *(.rodata*)
 .rodata        0x00005f5c       0xe0 ./src/main.o
 .rodata        0x0000603c       0xa0 ./emlib/em_cmu.o
 .rodata        0x000060dc       0x50 ./emlib/em_emu.o
 .rodata        0x0000612c       0xa4 ./emlib/em_gpio.o
 .rodata        0x000061d0       0x54 ./emlib/em_system.o
 .rodata        0x00006224       0x50 ./emlib/em_usart.o
 .rodata.heaperr.6388
                0x00006274       0x1c ./Drivers/retargetio.o
 .rodata        0x00006290       0x18 ./Drivers/retargetserial.o
 .rodata.__sf_fake_stdin
                0x000062a8       0x20 c:/siliconlabs/simplicitystudio/v3_3/developer/toolchains/gnu_arm/4.8_2013q4/bin/../lib/gcc/arm-none-eabi/4.8.3/../../../../arm-none-eabi/lib/armv7e-m/softfp\libc_s.a(lib_a-findfp.o)
                0x000062a8                __sf_fake_stdin
 .rodata.__sf_fake_stdout
                0x000062c8       0x20 c:/siliconlabs/simplicitystudio/v3_3/developer/toolchains/gnu_arm/4.8_2013q4/bin/../lib/gcc/arm-none-eabi/4.8.3/../../../../arm-none-eabi/lib/armv7e-m/softfp\libc_s.a(lib_a-findfp.o)
                0x000062c8                __sf_fake_stdout
 .rodata.__sf_fake_stderr
                0x000062e8       0x20 c:/siliconlabs/simplicitystudio/v3_3/developer/toolchains/gnu_arm/4.8_2013q4/bin/../lib/gcc/arm-none-eabi/4.8.3/../../../../arm-none-eabi/lib/armv7e-m/softfp\libc_s.a(lib_a-findfp.o)
                0x000062e8                __sf_fake_stderr
 .rodata.str1.1
                0x00006308        0x2 c:/siliconlabs/simplicitystudio/v3_3/developer/toolchains/gnu_arm/4.8_2013q4/bin/../lib/gcc/arm-none-eabi/4.8.3/../../../../arm-none-eabi/lib/armv7e-m/softfp\libc_s.a(lib_a-impure.o)
 *fill*         0x0000630a        0x2 
 .rodata._global_impure_ptr
                0x0000630c        0x4 c:/siliconlabs/simplicitystudio/v3_3/developer/toolchains/gnu_arm/4.8_2013q4/bin/../lib/gcc/arm-none-eabi/4.8.3/../../../../arm-none-eabi/lib/armv7e-m/softfp\libc_s.a(lib_a-impure.o)
                0x0000630c                _global_impure_ptr
 .rodata.str1.1
                0x00006310       0x11 c:/siliconlabs/simplicitystudio/v3_3/developer/toolchains/gnu_arm/4.8_2013q4/bin/../lib/gcc/arm-none-eabi/4.8.3/../../../../arm-none-eabi/lib/armv7e-m/softfp\libc_s.a(lib_a-vfprintf.o)
 .rodata.str1.1
                0x00006321       0x12 c:/siliconlabs/simplicitystudio/v3_3/developer/toolchains/gnu_arm/4.8_2013q4/bin/../lib/gcc/arm-none-eabi/4.8.3/../../../../arm-none-eabi/lib/armv7e-m/softfp\libc_s.a(lib_a-vfprintf_float.o)
 .rodata.str1.1
                0x00006333       0x22 c:/siliconlabs/simplicitystudio/v3_3/developer/toolchains/gnu_arm/4.8_2013q4/bin/../lib/gcc/arm-none-eabi/4.8.3/../../../../arm-none-eabi/lib/armv7e-m/softfp\libc_s.a(lib_a-vfprintf_i.o)
 .rodata.str1.1
                0x00006355        0xd c:/siliconlabs/simplicitystudio/v3_3/developer/toolchains/gnu_arm/4.8_2013q4/bin/../lib/gcc/arm-none-eabi/4.8.3/../../../../arm-none-eabi/lib/armv7e-m/softfp\libc_s.a(lib_a-dtoa.o)
                                  0xf (size before relaxing)
 .rodata.str1.1
                0x00006362        0x8 c:/siliconlabs/simplicitystudio/v3_3/developer/toolchains/gnu_arm/4.8_2013q4/bin/../lib/gcc/arm-none-eabi/4.8.3/../../../../arm-none-eabi/lib/armv7e-m/softfp\libc_s.a(lib_a-locale.o)
                                  0xb (size before relaxing)
 *fill*         0x0000636a        0x6 
 .rodata.__mprec_tens
                0x00006370       0xc8 c:/siliconlabs/simplicitystudio/v3_3/developer/toolchains/gnu_arm/4.8_2013q4/bin/../lib/gcc/arm-none-eabi/4.8.3/../../../../arm-none-eabi/lib/armv7e-m/softfp\libc_s.a(lib_a-mprec.o)
                0x00006370                __mprec_tens
 .rodata.p05.5300
                0x00006438        0xc c:/siliconlabs/simplicitystudio/v3_3/developer/toolchains/gnu_arm/4.8_2013q4/bin/../lib/gcc/arm-none-eabi/4.8.3/../../../../arm-none-eabi/lib/armv7e-m/softfp\libc_s.a(lib_a-mprec.o)
 *fill*         0x00006444        0x4 
 .rodata.__mprec_bigtens
                0x00006448       0x28 c:/siliconlabs/simplicitystudio/v3_3/developer/toolchains/gnu_arm/4.8_2013q4/bin/../lib/gcc/arm-none-eabi/4.8.3/../../../../arm-none-eabi/lib/armv7e-m/softfp\libc_s.a(lib_a-mprec.o)
                0x00006448                __mprec_bigtens
 *(.eh_frame*)
 .eh_frame      0x00006470        0x0 c:/siliconlabs/simplicitystudio/v3_3/developer/toolchains/gnu_arm/4.8_2013q4/bin/../lib/gcc/arm-none-eabi/4.8.3/armv7e-m/softfp/crtbegin.o
 .eh_frame      0x00006470        0x4 c:/siliconlabs/simplicitystudio/v3_3/developer/toolchains/gnu_arm/4.8_2013q4/bin/../lib/gcc/arm-none-eabi/4.8.3/armv7e-m/softfp/crtend.o

.glue_7         0x00006474        0x0
 .glue_7        0x00000000        0x0 linker stubs

.glue_7t        0x00006474        0x0
 .glue_7t       0x00000000        0x0 linker stubs

.vfp11_veneer   0x00006474        0x0
 .vfp11_veneer  0x00000000        0x0 linker stubs

.v4_bx          0x00006474        0x0
 .v4_bx         0x00000000        0x0 linker stubs

.iplt           0x00006474        0x0
 .iplt          0x00000000        0x0 c:/siliconlabs/simplicitystudio/v3_3/developer/toolchains/gnu_arm/4.8_2013q4/bin/../lib/gcc/arm-none-eabi/4.8.3/armv7e-m/softfp/crtbegin.o

.ARM.extab
 *(.ARM.extab* .gnu.linkonce.armextab.*)
                0x00006474                __exidx_start = .

.ARM.exidx      0x00006474        0x8
 *(.ARM.exidx* .gnu.linkonce.armexidx.*)
 .ARM.exidx     0x00006474        0x8 c:/siliconlabs/simplicitystudio/v3_3/developer/toolchains/gnu_arm/4.8_2013q4/bin/../lib/gcc/arm-none-eabi/4.8.3/../../../../arm-none-eabi/lib/armv7e-m/softfp/crt0.o
                0x0000647c                __exidx_end = .
                0x0000647c                __etext = .

.rel.dyn        0x0000647c        0x0
 .rel.iplt      0x00000000        0x0 c:/siliconlabs/simplicitystudio/v3_3/developer/toolchains/gnu_arm/4.8_2013q4/bin/../lib/gcc/arm-none-eabi/4.8.3/armv7e-m/softfp/crtbegin.o

.data           0x20000000       0xbc load address 0x0000647c
                0x20000000                __data_start__ = .
 *(vtable)
 *(.data*)
 .data.LastKeyboardRead.7276
                0x20000000        0x1 ./src/main.o
 *fill*         0x20000001        0x3 
 .data.auxHfrcoFreq
                0x20000004        0x4 ./emlib/em_cmu.o
 .data.SystemHFXOClock
                0x20000008        0x4 ./CMSIS/efm32pg1b/system_efm32pg1b.o
 .data.SystemLFXOClock
                0x2000000c        0x4 ./CMSIS/efm32pg1b/system_efm32pg1b.o
 .data.SystemHfrcoFreq
                0x20000010        0x4 ./CMSIS/efm32pg1b/system_efm32pg1b.o
                0x20000010                SystemHfrcoFreq
 .data.impure_data
                0x20000014       0x60 c:/siliconlabs/simplicitystudio/v3_3/developer/toolchains/gnu_arm/4.8_2013q4/bin/../lib/gcc/arm-none-eabi/4.8.3/../../../../arm-none-eabi/lib/armv7e-m/softfp\libc_s.a(lib_a-impure.o)
 .data._impure_ptr
                0x20000074        0x4 c:/siliconlabs/simplicitystudio/v3_3/developer/toolchains/gnu_arm/4.8_2013q4/bin/../lib/gcc/arm-none-eabi/4.8.3/../../../../arm-none-eabi/lib/armv7e-m/softfp\libc_s.a(lib_a-impure.o)
                0x20000074                _impure_ptr
 .data.lconv    0x20000078       0x38 c:/siliconlabs/simplicitystudio/v3_3/developer/toolchains/gnu_arm/4.8_2013q4/bin/../lib/gcc/arm-none-eabi/4.8.3/../../../../arm-none-eabi/lib/armv7e-m/softfp\libc_s.a(lib_a-locale.o)
                0x200000b0                . = ALIGN (0x4)
 *(.ram)
                0x200000b0                . = ALIGN (0x4)
                0x200000b0                PROVIDE (__preinit_array_start, .)
 *(.preinit_array)
                0x200000b0                PROVIDE (__preinit_array_end, .)
                0x200000b0                . = ALIGN (0x4)
                0x200000b0                PROVIDE (__init_array_start, .)
 *(SORT(.init_array.*))
 *(.init_array)
 .init_array    0x200000b0        0x4 c:/siliconlabs/simplicitystudio/v3_3/developer/toolchains/gnu_arm/4.8_2013q4/bin/../lib/gcc/arm-none-eabi/4.8.3/armv7e-m/softfp/crtbegin.o
                0x200000b4                PROVIDE (__init_array_end, .)
                0x200000b4                . = ALIGN (0x4)
                0x200000b4                PROVIDE (__fini_array_start, .)
 *(SORT(.fini_array.*))
 *(.fini_array)
 .fini_array    0x200000b4        0x4 c:/siliconlabs/simplicitystudio/v3_3/developer/toolchains/gnu_arm/4.8_2013q4/bin/../lib/gcc/arm-none-eabi/4.8.3/armv7e-m/softfp/crtbegin.o
                0x200000b8                PROVIDE (__fini_array_end, .)
 *(.jcr*)
 .jcr           0x200000b8        0x0 c:/siliconlabs/simplicitystudio/v3_3/developer/toolchains/gnu_arm/4.8_2013q4/bin/../lib/gcc/arm-none-eabi/4.8.3/armv7e-m/softfp/crtbegin.o
 .jcr           0x200000b8        0x4 c:/siliconlabs/simplicitystudio/v3_3/developer/toolchains/gnu_arm/4.8_2013q4/bin/../lib/gcc/arm-none-eabi/4.8.3/armv7e-m/softfp/crtend.o
                0x200000bc                . = ALIGN (0x4)
                0x200000bc                __data_end__ = .

.igot.plt       0x200000bc        0x0 load address 0x00006538
 .igot.plt      0x00000000        0x0 c:/siliconlabs/simplicitystudio/v3_3/developer/toolchains/gnu_arm/4.8_2013q4/bin/../lib/gcc/arm-none-eabi/4.8.3/armv7e-m/softfp/crtbegin.o

.bss            0x200000bc       0x70 load address 0x00006538
                0x200000bc                . = ALIGN (0x4)
                0x200000bc                __bss_start__ = .
 *(.bss*)
 .bss           0x200000bc       0x1c c:/siliconlabs/simplicitystudio/v3_3/developer/toolchains/gnu_arm/4.8_2013q4/bin/../lib/gcc/arm-none-eabi/4.8.3/armv7e-m/softfp/crtbegin.o
 .bss.counter.7274
                0x200000d8        0x1 ./src/main.o
 .bss.errataFixDcdcHsState
                0x200000d9        0x1 ./emlib/em_emu.o
                0x200000d9                errataFixDcdcHsState
 *fill*         0x200000da        0x2 
 .bss.cmuStatus
                0x200000dc        0x4 ./emlib/em_emu.o
 .bss.cmuHfclkStatus
                0x200000e0        0x2 ./emlib/em_emu.o
 .bss.dcdcMaxCurrent_mA
                0x200000e2        0x2 ./emlib/em_emu.o
 .bss.dcdcOutput_mVout
                0x200000e4        0x2 ./emlib/em_emu.o
 *fill*         0x200000e6        0x2 
 .bss.emuDcdcMiscCtrlReg.5724
                0x200000e8        0x4 ./emlib/em_emu.o
 .bss.INT_LockCnt
                0x200000ec        0x4 ./emlib/em_int.o
                0x200000ec                INT_LockCnt
 .bss.heap_end.6386
                0x200000f0        0x4 ./Drivers/retargetio.o
 .bss.rxReadIndex
                0x200000f4        0x4 ./Drivers/retargetserial.o
 .bss.rxWriteIndex
                0x200000f8        0x4 ./Drivers/retargetserial.o
 .bss.rxCount   0x200000fc        0x4 ./Drivers/retargetserial.o
 .bss.rxBuffer  0x20000100        0x8 ./Drivers/retargetserial.o
 .bss.LFtoCRLF  0x20000108        0x1 ./Drivers/retargetserial.o
 .bss.initialized
                0x20000109        0x1 ./Drivers/retargetserial.o
 *fill*         0x2000010a        0x2 
 .bss.__malloc_sbrk_start
                0x2000010c        0x4 c:/siliconlabs/simplicitystudio/v3_3/developer/toolchains/gnu_arm/4.8_2013q4/bin/../lib/gcc/arm-none-eabi/4.8.3/../../../../arm-none-eabi/lib/armv7e-m/softfp\libc_s.a(lib_a-nano-mallocr.o)
                0x2000010c                __malloc_sbrk_start
 .bss.__malloc_free_list
                0x20000110        0x4 c:/siliconlabs/simplicitystudio/v3_3/developer/toolchains/gnu_arm/4.8_2013q4/bin/../lib/gcc/arm-none-eabi/4.8.3/../../../../arm-none-eabi/lib/armv7e-m/softfp\libc_s.a(lib_a-nano-mallocr.o)
                0x20000110                __malloc_free_list
 *(COMMON)
 COMMON         0x20000114       0x10 ./src/main.o
                0x20000114                PressedKey
                0x20000115                Keyboard_State
                0x20000118                gpioFlag
                0x2000011c                cryotimerFlag
                0x20000120                rtccFlag
 COMMON         0x20000124        0x4 ./CMSIS/efm32pg1b/system_efm32pg1b.o
                0x20000124                SystemCoreClock
 COMMON         0x20000128        0x4 c:/siliconlabs/simplicitystudio/v3_3/developer/toolchains/gnu_arm/4.8_2013q4/bin/../lib/gcc/arm-none-eabi/4.8.3/../../../../arm-none-eabi/lib/armv7e-m/softfp\libc_s.a(lib_a-reent.o)
                0x20000128                errno
                0x2000012c                . = ALIGN (0x4)
                0x2000012c                __bss_end__ = .

.heap           0x20000130      0xc00
                0x20000130                __HeapBase = .
                0x20000130                __end__ = .
                0x20000130                end = __end__
                0x20000130                _end = __end__
 *(.heap*)
 .heap          0x20000130      0xc00 ./CMSIS/efm32pg1b/startup_efm32pg1b.o
                0x20000d30                __HeapLimit = .

.stack_dummy    0x20000130      0x400
 *(.stack*)
 .stack         0x20000130      0x400 ./CMSIS/efm32pg1b/startup_efm32pg1b.o
                0x20008000                __StackTop = (ORIGIN (RAM) + 0x8000)
                0x20007c00                __StackLimit = (__StackTop - SIZEOF (.stack_dummy))
                0x20008000                PROVIDE (__stack, __StackTop)
                0x00000001                ASSERT ((__StackLimit >= __HeapLimit), region RAM overflowed with stack)
                0x00000001                ASSERT ((0x40000 >= (__etext + SIZEOF (.data))), FLASH memory overflowed !)
OUTPUT(Digilock-3.axf elf32-littlearm)

.ARM.attributes
                0x00000000       0x2e
 .ARM.attributes
                0x00000000       0x22 c:/siliconlabs/simplicitystudio/v3_3/developer/toolchains/gnu_arm/4.8_2013q4/bin/../lib/gcc/arm-none-eabi/4.8.3/armv7e-m/softfp/crti.o
 .ARM.attributes
                0x00000022       0x32 c:/siliconlabs/simplicitystudio/v3_3/developer/toolchains/gnu_arm/4.8_2013q4/bin/../lib/gcc/arm-none-eabi/4.8.3/armv7e-m/softfp/crtbegin.o
 .ARM.attributes
                0x00000054       0x20 c:/siliconlabs/simplicitystudio/v3_3/developer/toolchains/gnu_arm/4.8_2013q4/bin/../lib/gcc/arm-none-eabi/4.8.3/../../../../arm-none-eabi/lib/armv7e-m/softfp/crt0.o
 .ARM.attributes
                0x00000074       0x37 ./src/main.o
 .ARM.attributes
                0x000000ab       0x37 ./emlib/em_assert.o
 .ARM.attributes
                0x000000e2       0x37 ./emlib/em_cmu.o
 .ARM.attributes
                0x00000119       0x37 ./emlib/em_cryotimer.o
 .ARM.attributes
                0x00000150       0x37 ./emlib/em_emu.o
 .ARM.attributes
                0x00000187       0x37 ./emlib/em_gpio.o
 .ARM.attributes
                0x000001be       0x37 ./emlib/em_int.o
 .ARM.attributes
                0x000001f5       0x37 ./emlib/em_rtcc.o
 .ARM.attributes
                0x0000022c       0x37 ./emlib/em_system.o
 .ARM.attributes
                0x00000263       0x37 ./emlib/em_usart.o
 .ARM.attributes
                0x0000029a       0x37 ./Drivers/retargetio.o
 .ARM.attributes
                0x000002d1       0x37 ./Drivers/retargetserial.o
 .ARM.attributes
                0x00000308       0x1b ./CMSIS/efm32pg1b/startup_efm32pg1b.o
 .ARM.attributes
                0x00000323       0x37 ./CMSIS/efm32pg1b/system_efm32pg1b.o
 .ARM.attributes
                0x0000035a       0x32 c:/siliconlabs/simplicitystudio/v3_3/developer/toolchains/gnu_arm/4.8_2013q4/bin/../lib/gcc/arm-none-eabi/4.8.3/../../../../arm-none-eabi/lib/armv7e-m/softfp\libc_s.a(lib_a-exit.o)
 .ARM.attributes
                0x0000038c       0x32 c:/siliconlabs/simplicitystudio/v3_3/developer/toolchains/gnu_arm/4.8_2013q4/bin/../lib/gcc/arm-none-eabi/4.8.3/../../../../arm-none-eabi/lib/armv7e-m/softfp\libc_s.a(lib_a-fileno.o)
 .ARM.attributes
                0x000003be       0x32 c:/siliconlabs/simplicitystudio/v3_3/developer/toolchains/gnu_arm/4.8_2013q4/bin/../lib/gcc/arm-none-eabi/4.8.3/../../../../arm-none-eabi/lib/armv7e-m/softfp\libc_s.a(lib_a-findfp.o)
 .ARM.attributes
                0x000003f0       0x32 c:/siliconlabs/simplicitystudio/v3_3/developer/toolchains/gnu_arm/4.8_2013q4/bin/../lib/gcc/arm-none-eabi/4.8.3/../../../../arm-none-eabi/lib/armv7e-m/softfp\libc_s.a(lib_a-impure.o)
 .ARM.attributes
                0x00000422       0x32 c:/siliconlabs/simplicitystudio/v3_3/developer/toolchains/gnu_arm/4.8_2013q4/bin/../lib/gcc/arm-none-eabi/4.8.3/../../../../arm-none-eabi/lib/armv7e-m/softfp\libc_s.a(lib_a-init.o)
 .ARM.attributes
                0x00000454       0x32 c:/siliconlabs/simplicitystudio/v3_3/developer/toolchains/gnu_arm/4.8_2013q4/bin/../lib/gcc/arm-none-eabi/4.8.3/../../../../arm-none-eabi/lib/armv7e-m/softfp\libc_s.a(lib_a-memset.o)
 .ARM.attributes
                0x00000486       0x32 c:/siliconlabs/simplicitystudio/v3_3/developer/toolchains/gnu_arm/4.8_2013q4/bin/../lib/gcc/arm-none-eabi/4.8.3/../../../../arm-none-eabi/lib/armv7e-m/softfp\libc_s.a(lib_a-nano-mallocr.o)
 .ARM.attributes
                0x000004b8       0x32 c:/siliconlabs/simplicitystudio/v3_3/developer/toolchains/gnu_arm/4.8_2013q4/bin/../lib/gcc/arm-none-eabi/4.8.3/../../../../arm-none-eabi/lib/armv7e-m/softfp\libc_s.a(lib_a-printf.o)
 .ARM.attributes
                0x000004ea       0x32 c:/siliconlabs/simplicitystudio/v3_3/developer/toolchains/gnu_arm/4.8_2013q4/bin/../lib/gcc/arm-none-eabi/4.8.3/../../../../arm-none-eabi/lib/armv7e-m/softfp\libc_s.a(lib_a-sbrkr.o)
 .ARM.attributes
                0x0000051c       0x32 c:/siliconlabs/simplicitystudio/v3_3/developer/toolchains/gnu_arm/4.8_2013q4/bin/../lib/gcc/arm-none-eabi/4.8.3/../../../../arm-none-eabi/lib/armv7e-m/softfp\libc_s.a(lib_a-setvbuf.o)
 .ARM.attributes
                0x0000054e       0x32 c:/siliconlabs/simplicitystudio/v3_3/developer/toolchains/gnu_arm/4.8_2013q4/bin/../lib/gcc/arm-none-eabi/4.8.3/../../../../arm-none-eabi/lib/armv7e-m/softfp\libc_s.a(lib_a-stdio.o)
 .ARM.attributes
                0x00000580       0x32 c:/siliconlabs/simplicitystudio/v3_3/developer/toolchains/gnu_arm/4.8_2013q4/bin/../lib/gcc/arm-none-eabi/4.8.3/../../../../arm-none-eabi/lib/armv7e-m/softfp\libc_s.a(lib_a-strlen.o)
 .ARM.attributes
                0x000005b2       0x32 c:/siliconlabs/simplicitystudio/v3_3/developer/toolchains/gnu_arm/4.8_2013q4/bin/../lib/gcc/arm-none-eabi/4.8.3/../../../../arm-none-eabi/lib/armv7e-m/softfp\libc_s.a(lib_a-vfprintf.o)
 .ARM.attributes
                0x000005e4       0x32 c:/siliconlabs/simplicitystudio/v3_3/developer/toolchains/gnu_arm/4.8_2013q4/bin/../lib/gcc/arm-none-eabi/4.8.3/../../../../arm-none-eabi/lib/armv7e-m/softfp\libc_s.a(lib_a-vfprintf_float.o)
 .ARM.attributes
                0x00000616       0x32 c:/siliconlabs/simplicitystudio/v3_3/developer/toolchains/gnu_arm/4.8_2013q4/bin/../lib/gcc/arm-none-eabi/4.8.3/../../../../arm-none-eabi/lib/armv7e-m/softfp\libc_s.a(lib_a-vfprintf_i.o)
 .ARM.attributes
                0x00000648       0x32 c:/siliconlabs/simplicitystudio/v3_3/developer/toolchains/gnu_arm/4.8_2013q4/bin/../lib/gcc/arm-none-eabi/4.8.3/../../../../arm-none-eabi/lib/armv7e-m/softfp\libc_s.a(lib_a-wbuf.o)
 .ARM.attributes
                0x0000067a       0x32 c:/siliconlabs/simplicitystudio/v3_3/developer/toolchains/gnu_arm/4.8_2013q4/bin/../lib/gcc/arm-none-eabi/4.8.3/../../../../arm-none-eabi/lib/armv7e-m/softfp\libc_s.a(lib_a-writer.o)
 .ARM.attributes
                0x000006ac       0x32 c:/siliconlabs/simplicitystudio/v3_3/developer/toolchains/gnu_arm/4.8_2013q4/bin/../lib/gcc/arm-none-eabi/4.8.3/../../../../arm-none-eabi/lib/armv7e-m/softfp\libc_s.a(lib_a-wsetup.o)
 .ARM.attributes
                0x000006de       0x32 c:/siliconlabs/simplicitystudio/v3_3/developer/toolchains/gnu_arm/4.8_2013q4/bin/../lib/gcc/arm-none-eabi/4.8.3/../../../../arm-none-eabi/lib/armv7e-m/softfp\libc_s.a(lib_a-closer.o)
 .ARM.attributes
                0x00000710       0x32 c:/siliconlabs/simplicitystudio/v3_3/developer/toolchains/gnu_arm/4.8_2013q4/bin/../lib/gcc/arm-none-eabi/4.8.3/../../../../arm-none-eabi/lib/armv7e-m/softfp\libc_s.a(lib_a-dtoa.o)
 .ARM.attributes
                0x00000742       0x32 c:/siliconlabs/simplicitystudio/v3_3/developer/toolchains/gnu_arm/4.8_2013q4/bin/../lib/gcc/arm-none-eabi/4.8.3/../../../../arm-none-eabi/lib/armv7e-m/softfp\libc_s.a(lib_a-fflush.o)
 .ARM.attributes
                0x00000774       0x32 c:/siliconlabs/simplicitystudio/v3_3/developer/toolchains/gnu_arm/4.8_2013q4/bin/../lib/gcc/arm-none-eabi/4.8.3/../../../../arm-none-eabi/lib/armv7e-m/softfp\libc_s.a(lib_a-locale.o)
 .ARM.attributes
                0x000007a6       0x32 c:/siliconlabs/simplicitystudio/v3_3/developer/toolchains/gnu_arm/4.8_2013q4/bin/../lib/gcc/arm-none-eabi/4.8.3/../../../../arm-none-eabi/lib/armv7e-m/softfp\libc_s.a(lib_a-lseekr.o)
 .ARM.attributes
                0x000007d8       0x32 c:/siliconlabs/simplicitystudio/v3_3/developer/toolchains/gnu_arm/4.8_2013q4/bin/../lib/gcc/arm-none-eabi/4.8.3/../../../../arm-none-eabi/lib/armv7e-m/softfp\libc_s.a(lib_a-makebuf.o)
 .ARM.attributes
                0x0000080a       0x32 c:/siliconlabs/simplicitystudio/v3_3/developer/toolchains/gnu_arm/4.8_2013q4/bin/../lib/gcc/arm-none-eabi/4.8.3/../../../../arm-none-eabi/lib/armv7e-m/softfp\libc_s.a(lib_a-malloc.o)
 .ARM.attributes
                0x0000083c       0x32 c:/siliconlabs/simplicitystudio/v3_3/developer/toolchains/gnu_arm/4.8_2013q4/bin/../lib/gcc/arm-none-eabi/4.8.3/../../../../arm-none-eabi/lib/armv7e-m/softfp\libc_s.a(lib_a-memchr-stub.o)
 .ARM.attributes
                0x0000086e       0x32 c:/siliconlabs/simplicitystudio/v3_3/developer/toolchains/gnu_arm/4.8_2013q4/bin/../lib/gcc/arm-none-eabi/4.8.3/../../../../arm-none-eabi/lib/armv7e-m/softfp\libc_s.a(lib_a-memcpy-stub.o)
 .ARM.attributes
                0x000008a0       0x32 c:/siliconlabs/simplicitystudio/v3_3/developer/toolchains/gnu_arm/4.8_2013q4/bin/../lib/gcc/arm-none-eabi/4.8.3/../../../../arm-none-eabi/lib/armv7e-m/softfp\libc_s.a(lib_a-mprec.o)
 .ARM.attributes
                0x000008d2       0x32 c:/siliconlabs/simplicitystudio/v3_3/developer/toolchains/gnu_arm/4.8_2013q4/bin/../lib/gcc/arm-none-eabi/4.8.3/../../../../arm-none-eabi/lib/armv7e-m/softfp\libc_s.a(lib_a-nano-callocr.o)
 .ARM.attributes
                0x00000904       0x32 c:/siliconlabs/simplicitystudio/v3_3/developer/toolchains/gnu_arm/4.8_2013q4/bin/../lib/gcc/arm-none-eabi/4.8.3/../../../../arm-none-eabi/lib/armv7e-m/softfp\libc_s.a(lib_a-nano-freer.o)
 .ARM.attributes
                0x00000936       0x32 c:/siliconlabs/simplicitystudio/v3_3/developer/toolchains/gnu_arm/4.8_2013q4/bin/../lib/gcc/arm-none-eabi/4.8.3/../../../../arm-none-eabi/lib/armv7e-m/softfp\libc_s.a(lib_a-readr.o)
 .ARM.attributes
                0x00000968       0x32 c:/siliconlabs/simplicitystudio/v3_3/developer/toolchains/gnu_arm/4.8_2013q4/bin/../lib/gcc/arm-none-eabi/4.8.3/../../../../arm-none-eabi/lib/armv7e-m/softfp\libc_s.a(lib_a-reent.o)
 .ARM.attributes
                0x0000099a       0x32 c:/siliconlabs/simplicitystudio/v3_3/developer/toolchains/gnu_arm/4.8_2013q4/bin/../lib/gcc/arm-none-eabi/4.8.3/../../../../arm-none-eabi/lib/armv7e-m/softfp\libc_s.a(lib_a-s_fpclassify.o)
 .ARM.attributes
                0x000009cc       0x32 c:/siliconlabs/simplicitystudio/v3_3/developer/toolchains/gnu_arm/4.8_2013q4/bin/../lib/gcc/arm-none-eabi/4.8.3/../../../../arm-none-eabi/lib/armv7e-m/softfp\libc_s.a(lib_a-fstatr.o)
 .ARM.attributes
                0x000009fe       0x32 c:/siliconlabs/simplicitystudio/v3_3/developer/toolchains/gnu_arm/4.8_2013q4/bin/../lib/gcc/arm-none-eabi/4.8.3/../../../../arm-none-eabi/lib/armv7e-m/softfp\libc_s.a(lib_a-isattyr.o)
 .ARM.attributes
                0x00000a30       0x22 c:/siliconlabs/simplicitystudio/v3_3/developer/toolchains/gnu_arm/4.8_2013q4/bin/../lib/gcc/arm-none-eabi/4.8.3/armv7e-m/softfp\libgcc.a(_arm_addsubdf3.o)
 .ARM.attributes
                0x00000a52       0x22 c:/siliconlabs/simplicitystudio/v3_3/developer/toolchains/gnu_arm/4.8_2013q4/bin/../lib/gcc/arm-none-eabi/4.8.3/armv7e-m/softfp\libgcc.a(_arm_muldivdf3.o)
 .ARM.attributes
                0x00000a74       0x22 c:/siliconlabs/simplicitystudio/v3_3/developer/toolchains/gnu_arm/4.8_2013q4/bin/../lib/gcc/arm-none-eabi/4.8.3/armv7e-m/softfp\libgcc.a(_arm_cmpdf2.o)
 .ARM.attributes
                0x00000a96       0x22 c:/siliconlabs/simplicitystudio/v3_3/developer/toolchains/gnu_arm/4.8_2013q4/bin/../lib/gcc/arm-none-eabi/4.8.3/armv7e-m/softfp\libgcc.a(_arm_fixdfsi.o)
 .ARM.attributes
                0x00000ab8       0x32 c:/siliconlabs/simplicitystudio/v3_3/developer/toolchains/gnu_arm/4.8_2013q4/bin/../lib/gcc/arm-none-eabi/4.8.3/armv7e-m/softfp/crtend.o
 .ARM.attributes
                0x00000aea       0x22 c:/siliconlabs/simplicitystudio/v3_3/developer/toolchains/gnu_arm/4.8_2013q4/bin/../lib/gcc/arm-none-eabi/4.8.3/armv7e-m/softfp/crtn.o

.comment        0x00000000       0x70
 .comment       0x00000000       0x70 ./src/main.o
                                 0x71 (size before relaxing)
 .comment       0x00000000       0x71 ./emlib/em_assert.o
 .comment       0x00000000       0x71 ./emlib/em_cmu.o
 .comment       0x00000000       0x71 ./emlib/em_cryotimer.o
 .comment       0x00000000       0x71 ./emlib/em_emu.o
 .comment       0x00000000       0x71 ./emlib/em_gpio.o
 .comment       0x00000000       0x71 ./emlib/em_int.o
 .comment       0x00000000       0x71 ./emlib/em_rtcc.o
 .comment       0x00000000       0x71 ./emlib/em_system.o
 .comment       0x00000000       0x71 ./emlib/em_usart.o
 .comment       0x00000000       0x71 ./Drivers/retargetio.o
 .comment       0x00000000       0x71 ./Drivers/retargetserial.o
 .comment       0x00000000       0x71 ./CMSIS/efm32pg1b/system_efm32pg1b.o

.debug_info     0x00000000     0x9988
 .debug_info    0x00000000     0x160f ./src/main.o
 .debug_info    0x0000160f       0x76 ./emlib/em_assert.o
 .debug_info    0x00001685     0x18bb ./emlib/em_cmu.o
 .debug_info    0x00002f40      0x392 ./emlib/em_cryotimer.o
 .debug_info    0x000032d2     0x1998 ./emlib/em_emu.o
 .debug_info    0x00004c6a      0x91e ./emlib/em_gpio.o
 .debug_info    0x00005588       0xa2 ./emlib/em_int.o
 .debug_info    0x0000562a      0x693 ./emlib/em_rtcc.o
 .debug_info    0x00005cbd      0x1be ./emlib/em_system.o
 .debug_info    0x00005e7b      0xfe4 ./emlib/em_usart.o
 .debug_info    0x00006e5f      0xdd0 ./Drivers/retargetio.o
 .debug_info    0x00007c2f     0x141f ./Drivers/retargetserial.o
 .debug_info    0x0000904e       0xfc ./CMSIS/efm32pg1b/startup_efm32pg1b.o
 .debug_info    0x0000914a      0x83e ./CMSIS/efm32pg1b/system_efm32pg1b.o

.debug_abbrev   0x00000000     0x17f0
 .debug_abbrev  0x00000000      0x306 ./src/main.o
 .debug_abbrev  0x00000306       0x63 ./emlib/em_assert.o
 .debug_abbrev  0x00000369      0x33b ./emlib/em_cmu.o
 .debug_abbrev  0x000006a4      0x126 ./emlib/em_cryotimer.o
 .debug_abbrev  0x000007ca      0x303 ./emlib/em_emu.o
 .debug_abbrev  0x00000acd      0x1c9 ./emlib/em_gpio.o
 .debug_abbrev  0x00000c96       0x5a ./emlib/em_int.o
 .debug_abbrev  0x00000cf0      0x175 ./emlib/em_rtcc.o
 .debug_abbrev  0x00000e65       0xb3 ./emlib/em_system.o
 .debug_abbrev  0x00000f18      0x207 ./emlib/em_usart.o
 .debug_abbrev  0x0000111f      0x25a ./Drivers/retargetio.o
 .debug_abbrev  0x00001379      0x2bc ./Drivers/retargetserial.o
 .debug_abbrev  0x00001635       0x14 ./CMSIS/efm32pg1b/startup_efm32pg1b.o
 .debug_abbrev  0x00001649      0x1a7 ./CMSIS/efm32pg1b/system_efm32pg1b.o

.debug_loc      0x00000000     0x2680
 .debug_loc     0x00000000      0x588 ./src/main.o
 .debug_loc     0x00000588       0x38 ./emlib/em_assert.o
 .debug_loc     0x000005c0      0x8f4 ./emlib/em_cmu.o
 .debug_loc     0x00000eb4       0xa8 ./emlib/em_cryotimer.o
 .debug_loc     0x00000f5c      0x73e ./emlib/em_emu.o
 .debug_loc     0x0000169a      0x2d8 ./emlib/em_gpio.o
 .debug_loc     0x00001972      0x170 ./emlib/em_rtcc.o
 .debug_loc     0x00001ae2       0x38 ./emlib/em_system.o
 .debug_loc     0x00001b1a      0x50a ./emlib/em_usart.o
 .debug_loc     0x00002024      0x224 ./Drivers/retargetio.o
 .debug_loc     0x00002248      0x250 ./Drivers/retargetserial.o
 .debug_loc     0x00002498      0x1e8 ./CMSIS/efm32pg1b/system_efm32pg1b.o

.debug_aranges  0x00000000      0x710
 .debug_aranges
                0x00000000       0xf0 ./src/main.o
 .debug_aranges
                0x000000f0       0x20 ./emlib/em_assert.o
 .debug_aranges
                0x00000110      0x168 ./emlib/em_cmu.o
 .debug_aranges
                0x00000278       0x30 ./emlib/em_cryotimer.o
 .debug_aranges
                0x000002a8      0x130 ./emlib/em_emu.o
 .debug_aranges
                0x000003d8       0x80 ./emlib/em_gpio.o
 .debug_aranges
                0x00000458       0x18 ./emlib/em_int.o
 .debug_aranges
                0x00000470       0x50 ./emlib/em_rtcc.o
 .debug_aranges
                0x000004c0       0x20 ./emlib/em_system.o
 .debug_aranges
                0x000004e0       0xd0 ./emlib/em_usart.o
 .debug_aranges
                0x000005b0       0x68 ./Drivers/retargetio.o
 .debug_aranges
                0x00000618       0x70 ./Drivers/retargetserial.o
 .debug_aranges
                0x00000688       0x20 ./CMSIS/efm32pg1b/startup_efm32pg1b.o
 .debug_aranges
                0x000006a8       0x68 ./CMSIS/efm32pg1b/system_efm32pg1b.o

.debug_ranges   0x00000000      0x618
 .debug_ranges  0x00000000       0xe0 ./src/main.o
 .debug_ranges  0x000000e0       0x10 ./emlib/em_assert.o
 .debug_ranges  0x000000f0      0x158 ./emlib/em_cmu.o
 .debug_ranges  0x00000248       0x20 ./emlib/em_cryotimer.o
 .debug_ranges  0x00000268      0x120 ./emlib/em_emu.o
 .debug_ranges  0x00000388       0x70 ./emlib/em_gpio.o
 .debug_ranges  0x000003f8       0x40 ./emlib/em_rtcc.o
 .debug_ranges  0x00000438       0x10 ./emlib/em_system.o
 .debug_ranges  0x00000448       0xc0 ./emlib/em_usart.o
 .debug_ranges  0x00000508       0x58 ./Drivers/retargetio.o
 .debug_ranges  0x00000560       0x60 ./Drivers/retargetserial.o
 .debug_ranges  0x000005c0       0x58 ./CMSIS/efm32pg1b/system_efm32pg1b.o

.debug_line     0x00000000     0x38af
 .debug_line    0x00000000      0x63c ./src/main.o
 .debug_line    0x0000063c       0x85 ./emlib/em_assert.o
 .debug_line    0x000006c1      0xa3c ./emlib/em_cmu.o
 .debug_line    0x000010fd      0x25d ./emlib/em_cryotimer.o
 .debug_line    0x0000135a      0x9da ./emlib/em_emu.o
 .debug_line    0x00001d34      0x3f4 ./emlib/em_gpio.o
 .debug_line    0x00002128      0x136 ./emlib/em_int.o
 .debug_line    0x0000225e      0x320 ./emlib/em_rtcc.o
 .debug_line    0x0000257e      0x228 ./emlib/em_system.o
 .debug_line    0x000027a6      0x5b2 ./emlib/em_usart.o
 .debug_line    0x00002d58      0x35d ./Drivers/retargetio.o
 .debug_line    0x000030b5      0x4a0 ./Drivers/retargetserial.o
 .debug_line    0x00003555       0xc4 ./CMSIS/efm32pg1b/startup_efm32pg1b.o
 .debug_line    0x00003619      0x296 ./CMSIS/efm32pg1b/system_efm32pg1b.o

.debug_str      0x00000000     0x45c1
 .debug_str     0x00000000     0x14f6 ./src/main.o
                               0x1583 (size before relaxing)
 .debug_str     0x000014f6       0x60 ./emlib/em_assert.o
                                0x160 (size before relaxing)
 .debug_str     0x00001556      0xbc0 ./emlib/em_cmu.o
                               0x11c0 (size before relaxing)
 .debug_str     0x00002116       0x7d ./emlib/em_cryotimer.o
                                0x646 (size before relaxing)
 .debug_str     0x00002193      0xcbd ./emlib/em_emu.o
                               0x150d (size before relaxing)
 .debug_str     0x00002e50      0x1e4 ./emlib/em_gpio.o
                                0x7b8 (size before relaxing)
 .debug_str     0x00003034       0x5a ./emlib/em_int.o
                                0x1fb (size before relaxing)
 .debug_str     0x0000308e      0x36b ./emlib/em_rtcc.o
                                0x7d0 (size before relaxing)
 .debug_str     0x000033f9       0xa6 ./emlib/em_system.o
                                0x27e (size before relaxing)
 .debug_str     0x0000349f      0x934 ./emlib/em_usart.o
                                0xdf9 (size before relaxing)
 .debug_str     0x00003dd3      0x53f ./Drivers/retargetio.o
                                0x793 (size before relaxing)
 .debug_str     0x00004312      0x151 ./Drivers/retargetserial.o
                               0x1126 (size before relaxing)
 .debug_str     0x00004463      0x15e ./CMSIS/efm32pg1b/system_efm32pg1b.o
                                0x618 (size before relaxing)

.debug_frame    0x00000000     0x2114
 .debug_frame   0x00000000      0x324 ./src/main.o
 .debug_frame   0x00000324       0x2c ./emlib/em_assert.o
 .debug_frame   0x00000350      0x4f4 ./emlib/em_cmu.o
 .debug_frame   0x00000844       0x6c ./emlib/em_cryotimer.o
 .debug_frame   0x000008b0      0x410 ./emlib/em_emu.o
 .debug_frame   0x00000cc0      0x198 ./emlib/em_gpio.o
 .debug_frame   0x00000e58       0xd8 ./emlib/em_rtcc.o
 .debug_frame   0x00000f30       0x30 ./emlib/em_system.o
 .debug_frame   0x00000f60      0x2c4 ./emlib/em_usart.o
 .debug_frame   0x00001224      0x130 ./Drivers/retargetio.o
 .debug_frame   0x00001354      0x154 ./Drivers/retargetserial.o
 .debug_frame   0x000014a8      0x11c ./CMSIS/efm32pg1b/system_efm32pg1b.o
 .debug_frame   0x000015c4       0x28 c:/siliconlabs/simplicitystudio/v3_3/developer/toolchains/gnu_arm/4.8_2013q4/bin/../lib/gcc/arm-none-eabi/4.8.3/../../../../arm-none-eabi/lib/armv7e-m/softfp\libc_s.a(lib_a-exit.o)
 .debug_frame   0x000015ec       0x2c c:/siliconlabs/simplicitystudio/v3_3/developer/toolchains/gnu_arm/4.8_2013q4/bin/../lib/gcc/arm-none-eabi/4.8.3/../../../../arm-none-eabi/lib/armv7e-m/softfp\libc_s.a(lib_a-fileno.o)
 .debug_frame   0x00001618      0x12c c:/siliconlabs/simplicitystudio/v3_3/developer/toolchains/gnu_arm/4.8_2013q4/bin/../lib/gcc/arm-none-eabi/4.8.3/../../../../arm-none-eabi/lib/armv7e-m/softfp\libc_s.a(lib_a-findfp.o)
 .debug_frame   0x00001744       0x2c c:/siliconlabs/simplicitystudio/v3_3/developer/toolchains/gnu_arm/4.8_2013q4/bin/../lib/gcc/arm-none-eabi/4.8.3/../../../../arm-none-eabi/lib/armv7e-m/softfp\libc_s.a(lib_a-init.o)
 .debug_frame   0x00001770       0x20 c:/siliconlabs/simplicitystudio/v3_3/developer/toolchains/gnu_arm/4.8_2013q4/bin/../lib/gcc/arm-none-eabi/4.8.3/../../../../arm-none-eabi/lib/armv7e-m/softfp\libc_s.a(lib_a-memset.o)
 .debug_frame   0x00001790       0x2c c:/siliconlabs/simplicitystudio/v3_3/developer/toolchains/gnu_arm/4.8_2013q4/bin/../lib/gcc/arm-none-eabi/4.8.3/../../../../arm-none-eabi/lib/armv7e-m/softfp\libc_s.a(lib_a-nano-mallocr.o)
 .debug_frame   0x000017bc       0x60 c:/siliconlabs/simplicitystudio/v3_3/developer/toolchains/gnu_arm/4.8_2013q4/bin/../lib/gcc/arm-none-eabi/4.8.3/../../../../arm-none-eabi/lib/armv7e-m/softfp\libc_s.a(lib_a-printf.o)
 .debug_frame   0x0000181c       0x2c c:/siliconlabs/simplicitystudio/v3_3/developer/toolchains/gnu_arm/4.8_2013q4/bin/../lib/gcc/arm-none-eabi/4.8.3/../../../../arm-none-eabi/lib/armv7e-m/softfp\libc_s.a(lib_a-sbrkr.o)
 .debug_frame   0x00001848       0x30 c:/siliconlabs/simplicitystudio/v3_3/developer/toolchains/gnu_arm/4.8_2013q4/bin/../lib/gcc/arm-none-eabi/4.8.3/../../../../arm-none-eabi/lib/armv7e-m/softfp\libc_s.a(lib_a-setvbuf.o)
 .debug_frame   0x00001878       0x80 c:/siliconlabs/simplicitystudio/v3_3/developer/toolchains/gnu_arm/4.8_2013q4/bin/../lib/gcc/arm-none-eabi/4.8.3/../../../../arm-none-eabi/lib/armv7e-m/softfp\libc_s.a(lib_a-stdio.o)
 .debug_frame   0x000018f8       0x20 c:/siliconlabs/simplicitystudio/v3_3/developer/toolchains/gnu_arm/4.8_2013q4/bin/../lib/gcc/arm-none-eabi/4.8.3/../../../../arm-none-eabi/lib/armv7e-m/softfp\libc_s.a(lib_a-strlen.o)
 .debug_frame   0x00001918       0xa8 c:/siliconlabs/simplicitystudio/v3_3/developer/toolchains/gnu_arm/4.8_2013q4/bin/../lib/gcc/arm-none-eabi/4.8.3/../../../../arm-none-eabi/lib/armv7e-m/softfp\libc_s.a(lib_a-vfprintf.o)
 .debug_frame   0x000019c0       0x80 c:/siliconlabs/simplicitystudio/v3_3/developer/toolchains/gnu_arm/4.8_2013q4/bin/../lib/gcc/arm-none-eabi/4.8.3/../../../../arm-none-eabi/lib/armv7e-m/softfp\libc_s.a(lib_a-vfprintf_float.o)
 .debug_frame   0x00001a40       0x60 c:/siliconlabs/simplicitystudio/v3_3/developer/toolchains/gnu_arm/4.8_2013q4/bin/../lib/gcc/arm-none-eabi/4.8.3/../../../../arm-none-eabi/lib/armv7e-m/softfp\libc_s.a(lib_a-vfprintf_i.o)
 .debug_frame   0x00001aa0       0x3c c:/siliconlabs/simplicitystudio/v3_3/developer/toolchains/gnu_arm/4.8_2013q4/bin/../lib/gcc/arm-none-eabi/4.8.3/../../../../arm-none-eabi/lib/armv7e-m/softfp\libc_s.a(lib_a-wbuf.o)
 .debug_frame   0x00001adc       0x2c c:/siliconlabs/simplicitystudio/v3_3/developer/toolchains/gnu_arm/4.8_2013q4/bin/../lib/gcc/arm-none-eabi/4.8.3/../../../../arm-none-eabi/lib/armv7e-m/softfp\libc_s.a(lib_a-writer.o)
 .debug_frame   0x00001b08       0x2c c:/siliconlabs/simplicitystudio/v3_3/developer/toolchains/gnu_arm/4.8_2013q4/bin/../lib/gcc/arm-none-eabi/4.8.3/../../../../arm-none-eabi/lib/armv7e-m/softfp\libc_s.a(lib_a-wsetup.o)
 .debug_frame   0x00001b34       0x2c c:/siliconlabs/simplicitystudio/v3_3/developer/toolchains/gnu_arm/4.8_2013q4/bin/../lib/gcc/arm-none-eabi/4.8.3/../../../../arm-none-eabi/lib/armv7e-m/softfp\libc_s.a(lib_a-closer.o)
 .debug_frame   0x00001b60       0x68 c:/siliconlabs/simplicitystudio/v3_3/developer/toolchains/gnu_arm/4.8_2013q4/bin/../lib/gcc/arm-none-eabi/4.8.3/../../../../arm-none-eabi/lib/armv7e-m/softfp\libc_s.a(lib_a-dtoa.o)
 .debug_frame   0x00001bc8       0x5c c:/siliconlabs/simplicitystudio/v3_3/developer/toolchains/gnu_arm/4.8_2013q4/bin/../lib/gcc/arm-none-eabi/4.8.3/../../../../arm-none-eabi/lib/armv7e-m/softfp\libc_s.a(lib_a-fflush.o)
 .debug_frame   0x00001c24       0x98 c:/siliconlabs/simplicitystudio/v3_3/developer/toolchains/gnu_arm/4.8_2013q4/bin/../lib/gcc/arm-none-eabi/4.8.3/../../../../arm-none-eabi/lib/armv7e-m/softfp\libc_s.a(lib_a-locale.o)
 .debug_frame   0x00001cbc       0x2c c:/siliconlabs/simplicitystudio/v3_3/developer/toolchains/gnu_arm/4.8_2013q4/bin/../lib/gcc/arm-none-eabi/4.8.3/../../../../arm-none-eabi/lib/armv7e-m/softfp\libc_s.a(lib_a-lseekr.o)
 .debug_frame   0x00001ce8       0x30 c:/siliconlabs/simplicitystudio/v3_3/developer/toolchains/gnu_arm/4.8_2013q4/bin/../lib/gcc/arm-none-eabi/4.8.3/../../../../arm-none-eabi/lib/armv7e-m/softfp\libc_s.a(lib_a-makebuf.o)
 .debug_frame   0x00001d18       0x30 c:/siliconlabs/simplicitystudio/v3_3/developer/toolchains/gnu_arm/4.8_2013q4/bin/../lib/gcc/arm-none-eabi/4.8.3/../../../../arm-none-eabi/lib/armv7e-m/softfp\libc_s.a(lib_a-malloc.o)
 .debug_frame   0x00001d48       0x28 c:/siliconlabs/simplicitystudio/v3_3/developer/toolchains/gnu_arm/4.8_2013q4/bin/../lib/gcc/arm-none-eabi/4.8.3/../../../../arm-none-eabi/lib/armv7e-m/softfp\libc_s.a(lib_a-memchr-stub.o)
 .debug_frame   0x00001d70       0x28 c:/siliconlabs/simplicitystudio/v3_3/developer/toolchains/gnu_arm/4.8_2013q4/bin/../lib/gcc/arm-none-eabi/4.8.3/../../../../arm-none-eabi/lib/armv7e-m/softfp\libc_s.a(lib_a-memcpy-stub.o)
 .debug_frame   0x00001d98      0x230 c:/siliconlabs/simplicitystudio/v3_3/developer/toolchains/gnu_arm/4.8_2013q4/bin/../lib/gcc/arm-none-eabi/4.8.3/../../../../arm-none-eabi/lib/armv7e-m/softfp\libc_s.a(lib_a-mprec.o)
 .debug_frame   0x00001fc8       0x2c c:/siliconlabs/simplicitystudio/v3_3/developer/toolchains/gnu_arm/4.8_2013q4/bin/../lib/gcc/arm-none-eabi/4.8.3/../../../../arm-none-eabi/lib/armv7e-m/softfp\libc_s.a(lib_a-nano-callocr.o)
 .debug_frame   0x00001ff4       0x2c c:/siliconlabs/simplicitystudio/v3_3/developer/toolchains/gnu_arm/4.8_2013q4/bin/../lib/gcc/arm-none-eabi/4.8.3/../../../../arm-none-eabi/lib/armv7e-m/softfp\libc_s.a(lib_a-nano-freer.o)
 .debug_frame   0x00002020       0x2c c:/siliconlabs/simplicitystudio/v3_3/developer/toolchains/gnu_arm/4.8_2013q4/bin/../lib/gcc/arm-none-eabi/4.8.3/../../../../arm-none-eabi/lib/armv7e-m/softfp\libc_s.a(lib_a-readr.o)
 .debug_frame   0x0000204c       0x48 c:/siliconlabs/simplicitystudio/v3_3/developer/toolchains/gnu_arm/4.8_2013q4/bin/../lib/gcc/arm-none-eabi/4.8.3/../../../../arm-none-eabi/lib/armv7e-m/softfp\libc_s.a(lib_a-reent.o)
 .debug_frame   0x00002094       0x28 c:/siliconlabs/simplicitystudio/v3_3/developer/toolchains/gnu_arm/4.8_2013q4/bin/../lib/gcc/arm-none-eabi/4.8.3/../../../../arm-none-eabi/lib/armv7e-m/softfp\libc_s.a(lib_a-s_fpclassify.o)
 .debug_frame   0x000020bc       0x2c c:/siliconlabs/simplicitystudio/v3_3/developer/toolchains/gnu_arm/4.8_2013q4/bin/../lib/gcc/arm-none-eabi/4.8.3/../../../../arm-none-eabi/lib/armv7e-m/softfp\libc_s.a(lib_a-fstatr.o)
 .debug_frame   0x000020e8       0x2c c:/siliconlabs/simplicitystudio/v3_3/developer/toolchains/gnu_arm/4.8_2013q4/bin/../lib/gcc/arm-none-eabi/4.8.3/../../../../arm-none-eabi/lib/armv7e-m/softfp\libc_s.a(lib_a-isattyr.o)
